Archive member included to satisfy reference by file (symbol)

/home/covv/workspace/tools/gcc-arm-none-eabi-5_4-2016q3/arm-none-eabi/lib/armv7-m/libc.a(lib_a-malloc.o)
                              build_arm_cortex_m4_base_application_stm32f4/message.o (malloc)
/home/covv/workspace/tools/gcc-arm-none-eabi-5_4-2016q3/arm-none-eabi/lib/armv7-m/libc.a(lib_a-mallocr.o)
                              /home/covv/workspace/tools/gcc-arm-none-eabi-5_4-2016q3/arm-none-eabi/lib/armv7-m/libc.a(lib_a-malloc.o) (_malloc_r)
/home/covv/workspace/tools/gcc-arm-none-eabi-5_4-2016q3/arm-none-eabi/lib/armv7-m/libc.a(lib_a-memcmp.o)
                              build_arm_cortex_m4_base_application_stm32f4/task_fw.o (memcmp)
/home/covv/workspace/tools/gcc-arm-none-eabi-5_4-2016q3/arm-none-eabi/lib/armv7-m/libc.a(lib_a-memcpy.o)
                              build_arm_cortex_m4_base_application_stm32f4/message.o (memcpy)
/home/covv/workspace/tools/gcc-arm-none-eabi-5_4-2016q3/arm-none-eabi/lib/armv7-m/libc.a(lib_a-memset.o)
                              build_arm_cortex_m4_base_application_stm32f4/utils.o (memset)
/home/covv/workspace/tools/gcc-arm-none-eabi-5_4-2016q3/arm-none-eabi/lib/armv7-m/libc.a(lib_a-mlock.o)
                              /home/covv/workspace/tools/gcc-arm-none-eabi-5_4-2016q3/arm-none-eabi/lib/armv7-m/libc.a(lib_a-mallocr.o) (__malloc_lock)
/home/covv/workspace/tools/gcc-arm-none-eabi-5_4-2016q3/arm-none-eabi/lib/armv7-m/libc.a(lib_a-rand.o)
                              build_arm_cortex_m4_base_application_stm32f4/nrf_mac.o (rand)
/home/covv/workspace/tools/gcc-arm-none-eabi-5_4-2016q3/arm-none-eabi/lib/armv7-m/libc.a(lib_a-sbrkr.o)
                              /home/covv/workspace/tools/gcc-arm-none-eabi-5_4-2016q3/arm-none-eabi/lib/armv7-m/libc.a(lib_a-mallocr.o) (_sbrk_r)
/home/covv/workspace/tools/gcc-arm-none-eabi-5_4-2016q3/arm-none-eabi/lib/armv7-m/libc.a(lib_a-sprintf.o)
                              build_arm_cortex_m4_base_application_stm32f4/tm_stm32f4_fatfs.o (sprintf)
/home/covv/workspace/tools/gcc-arm-none-eabi-5_4-2016q3/arm-none-eabi/lib/armv7-m/libc.a(lib_a-strcmp.o)
                              build_arm_cortex_m4_base_application_stm32f4/cmd_line.o (strcmp)
/home/covv/workspace/tools/gcc-arm-none-eabi-5_4-2016q3/arm-none-eabi/lib/armv7-m/libc.a(lib_a-strcpy.o)
                              build_arm_cortex_m4_base_application_stm32f4/tm_stm32f4_fatfs.o (strcpy)
/home/covv/workspace/tools/gcc-arm-none-eabi-5_4-2016q3/arm-none-eabi/lib/armv7-m/libc.a(lib_a-strlen-stub.o)
                              build_arm_cortex_m4_base_application_stm32f4/tm_stm32f4_fatfs.o (strlen)
/home/covv/workspace/tools/gcc-arm-none-eabi-5_4-2016q3/arm-none-eabi/lib/armv7-m/libc.a(lib_a-strtol.o)
                              build_arm_cortex_m4_base_application_stm32f4/shell.o (strtol)
/home/covv/workspace/tools/gcc-arm-none-eabi-5_4-2016q3/arm-none-eabi/lib/armv7-m/libc.a(lib_a-svfprintf.o)
                              /home/covv/workspace/tools/gcc-arm-none-eabi-5_4-2016q3/arm-none-eabi/lib/armv7-m/libc.a(lib_a-sprintf.o) (_svfprintf_r)
/home/covv/workspace/tools/gcc-arm-none-eabi-5_4-2016q3/arm-none-eabi/lib/armv7-m/libc.a(lib_a-dtoa.o)
                              /home/covv/workspace/tools/gcc-arm-none-eabi-5_4-2016q3/arm-none-eabi/lib/armv7-m/libc.a(lib_a-svfprintf.o) (_dtoa_r)
/home/covv/workspace/tools/gcc-arm-none-eabi-5_4-2016q3/arm-none-eabi/lib/armv7-m/libc.a(lib_a-freer.o)
                              /home/covv/workspace/tools/gcc-arm-none-eabi-5_4-2016q3/arm-none-eabi/lib/armv7-m/libc.a(lib_a-malloc.o) (_free_r)
/home/covv/workspace/tools/gcc-arm-none-eabi-5_4-2016q3/arm-none-eabi/lib/armv7-m/libc.a(lib_a-impure.o)
                              /home/covv/workspace/tools/gcc-arm-none-eabi-5_4-2016q3/arm-none-eabi/lib/armv7-m/libc.a(lib_a-malloc.o) (_impure_ptr)
/home/covv/workspace/tools/gcc-arm-none-eabi-5_4-2016q3/arm-none-eabi/lib/armv7-m/libc.a(lib_a-locale.o)
                              /home/covv/workspace/tools/gcc-arm-none-eabi-5_4-2016q3/arm-none-eabi/lib/armv7-m/libc.a(lib_a-strtol.o) (__locale_ctype_ptr_l)
/home/covv/workspace/tools/gcc-arm-none-eabi-5_4-2016q3/arm-none-eabi/lib/armv7-m/libc.a(lib_a-localeconv.o)
                              /home/covv/workspace/tools/gcc-arm-none-eabi-5_4-2016q3/arm-none-eabi/lib/armv7-m/libc.a(lib_a-svfprintf.o) (_localeconv_r)
/home/covv/workspace/tools/gcc-arm-none-eabi-5_4-2016q3/arm-none-eabi/lib/armv7-m/libc.a(lib_a-mbtowc_r.o)
                              /home/covv/workspace/tools/gcc-arm-none-eabi-5_4-2016q3/arm-none-eabi/lib/armv7-m/libc.a(lib_a-locale.o) (__ascii_mbtowc)
/home/covv/workspace/tools/gcc-arm-none-eabi-5_4-2016q3/arm-none-eabi/lib/armv7-m/libc.a(lib_a-memchr-stub.o)
                              /home/covv/workspace/tools/gcc-arm-none-eabi-5_4-2016q3/arm-none-eabi/lib/armv7-m/libc.a(lib_a-svfprintf.o) (memchr)
/home/covv/workspace/tools/gcc-arm-none-eabi-5_4-2016q3/arm-none-eabi/lib/armv7-m/libc.a(lib_a-mprec.o)
[...]
Memory Configuration

Name             Origin             Length             Attributes
FLASH            0x08000000         0x00100000         xr
SRAM             0x20000000         0x00020000         xrw
CCMRAM           0x10000000         0x00010000         xrw
*default*        0x00000000         0xffffffff

Linker script and memory map

                0x00002800                HEAP_SIZE = 0x2800

.start_flash    0x08000000        0x0
                0x08000000                _start_flash = .

.isr_vector     0x08000000      0x188
                0x08000000                _isr_vector = .
 *(.isr_vector)
 .isr_vector    0x08000000      0x188 build_arm_cortex_m4_base_application_stm32f4/system.o
                0x08000000                isr_vector
                0x08000188                . = ALIGN (0x4)

.text           0x08000188    0x12b9c
                0x08000188                . = ALIGN (0x4)
 *(.text)
 .text          0x08000188       0xec /home/covv/workspace/tools/gcc-arm-none-eabi-5_4-2016q3/arm-none-eabi/lib/armv7-m/libc.a(lib_a-memcpy.o)
                0x08000188                memcpy
 .text          0x08000274      0x1bc /home/covv/workspace/tools/gcc-arm-none-eabi-5_4-2016q3/arm-none-eabi/lib/armv7-m/libc.a(lib_a-strcmp.o)
                0x08000274                strcmp
 .text          0x08000430      0x370 /home/covv/workspace/tools/gcc-arm-none-eabi-5_4-2016q3/lib/gcc/arm-none-eabi/5.4.1/armv7-m/libgcc.a(_arm_addsubdf3.o)
                0x08000430                __aeabi_drsub
                0x08000438                __aeabi_dsub
                0x08000438                __subdf3
                0x0800043c                __adddf3
                0x0800043c                __aeabi_dadd
                0x080006b4                __aeabi_ui2d
                0x080006b4                __floatunsidf
                0x080006d4                __floatsidf
                0x080006d4                __aeabi_i2d
                0x080006f8                __extendsfdf2
                0x080006f8                __aeabi_f2d
                0x08000734                __aeabi_ul2d
                0x08000734                __floatundidf
                0x08000744                __floatdidf
                0x08000744                __aeabi_l2d
 .text          0x080007a0      0x424 /home/covv/workspace/tools/gcc-arm-none-eabi-5_4-2016q3/lib/gcc/arm-none-eabi/5.4.1/armv7-m/libgcc.a(_arm_muldivdf3.o)
                0x080007a0                __aeabi_dmul
                0x080007a0                __muldf3
                0x080009f4                __aeabi_ddiv
                0x080009f4                __divdf3
 .text          0x08000bc4      0x110 /home/covv/workspace/tools/gcc-arm-none-eabi-5_4-2016q3/lib/gcc/arm-none-eabi/5.4.1/armv7-m/libgcc.a(_arm_cmpdf2.o)
                0x08000bc4                __gtdf2
                0x08000bc4                __gedf2
                0x08000bcc                __ltdf2
                0x08000bcc                __ledf2
                0x08000bd4                __cmpdf2
                0x08000bd4                __eqdf2
                0x08000bd4                __nedf2
                0x08000c50                __aeabi_cdrcmple
                0x08000c60                __aeabi_cdcmple
                0x08000c60                __aeabi_cdcmpeq
                0x08000c70                __aeabi_dcmpeq
                0x08000c84                __aeabi_dcmplt
                0x08000c98                __aeabi_dcmple
                0x08000cac                __aeabi_dcmpge
                0x08000cc0                __aeabi_dcmpgt
 .text          0x08000cd4       0x40 /home/covv/workspace/tools/gcc-arm-none-eabi-5_4-2016q3/lib/gcc/arm-none-eabi/5.4.1/armv7-m/libgcc.a(_arm_fixunsdfsi.o)
                0x08000cd4                __fixunsdfsi
                0x08000cd4                __aeabi_d2uiz
 .text          0x08000d14       0xa0 /home/covv/workspace/tools/gcc-arm-none-eabi-5_4-2016q3/lib/gcc/arm-none-eabi/5.4.1/armv7-m/libgcc.a(_arm_truncdfsf2.o)
                0x08000d14                __aeabi_d2f
                0x08000d14                __truncdfsf2
 .text          0x08000db4      0x21c /home/covv/workspace/tools/gcc-arm-none-eabi-5_4-2016q3/lib/gcc/arm-none-eabi/5.4.1/armv7-m/libgcc.a(_arm_addsubsf3.o)
                0x08000db4                __aeabi_frsub
                0x08000dbc                __subsf3
                0x08000dbc                __aeabi_fsub
                0x08000dc0                __aeabi_fadd
                0x08000dc0                __addsf3
                0x08000f20                __aeabi_ui2f
                0x08000f20                __floatunsisf
                0x08000f28                __aeabi_i2f
                0x08000f28                __floatsisf
                0x08000f44                __floatundisf
                0x08000f44                __aeabi_ul2f
                0x08000f54                __floatdisf
                0x08000f54                __aeabi_l2f
 .text          0x08000fd0      0x2a0 /home/covv/workspace/tools/gcc-arm-none-eabi-5_4-2016q3/lib/gcc/arm-none-eabi/5.4.1/armv7-m/libgcc.a(_arm_muldivsf3.o)
                0x08000fd0                __mulsf3
                0x08000fd0                __aeabi_fmul
                0x08001138                __divsf3
                0x08001138                __aeabi_fdiv
 .text          0x08001270       0xec /home/covv/workspace/tools/gcc-arm-none-eabi-5_4-2016q3/lib/gcc/arm-none-eabi/5.4.1/armv7-m/libgcc.a(_arm_cmpsf2.o)
                0x08001270                __gtsf2
                0x08001270                __gesf2
                0x08001278                __lesf2
                0x08001278                __ltsf2
                0x08001280                __nesf2
                0x08001280                __eqsf2
                0x08001280                __cmpsf2
                0x080012e0                __aeabi_cfrcmple
                0x080012e8                __aeabi_cfcmple
                0x080012e8                __aeabi_cfcmpeq
                0x080012f8                __aeabi_fcmpeq
                0x0800130c                __aeabi_fcmplt
                0x08001320                __aeabi_fcmple
                0x08001334                __aeabi_fcmpge
                0x08001348                __aeabi_fcmpgt
 .text          0x0800135c       0x4c /home/covv/workspace/tools/gcc-arm-none-eabi-5_4-2016q3/lib/gcc/arm-none-eabi/5.4.1/armv7-m/libgcc.a(_arm_fixsfsi.o)
                0x0800135c                __fixsfsi
                0x0800135c                __aeabi_f2iz
 .text          0x080013a8       0x40 /home/covv/workspace/tools/gcc-arm-none-eabi-5_4-2016q3/lib/gcc/arm-none-eabi/5.4.1/armv7-m/libgcc.a(_arm_fixunssfsi.o)
                0x080013a8                __aeabi_f2uiz
                0x080013a8                __fixunssfsi
 *(.text*)
 .text.msg_init
                0x080013e8      0x1dc build_arm_cortex_m4_base_application_stm32f4/message.o
                0x080013e8                msg_init
 .text.msg_free
                0x080015c4       0xac build_arm_cortex_m4_base_application_stm32f4/message.o
                0x080015c4                msg_free
 .text.msg_inc_ref_count
                0x08001670       0x28 build_arm_cortex_m4_base_application_stm32f4/message.o
                0x08001670                msg_inc_ref_count
 .text.get_common_msg
                0x08001698       0x74 build_arm_cortex_m4_base_application_stm32f4/message.o
                0x08001698                get_common_msg
 .text.set_data_common_msg
                0x0800170c       0x54 build_arm_cortex_m4_base_application_stm32f4/message.o
                0x0800170c                set_data_common_msg
 .text.get_data_common_msg
                0x08001760       0x34 build_arm_cortex_m4_base_application_stm32f4/message.o
                0x08001760                get_data_common_msg
 .text.get_data_len_common_msg
                0x08001794       0x20 build_arm_cortex_m4_base_application_stm32f4/message.o
                0x08001794                get_data_len_common_msg
 .text.get_pure_msg
                0x080017b4       0x74 build_arm_cortex_m4_base_application_stm32f4/message.o
                0x080017b4                get_pure_msg
 .text.get_dynamic_msg
                0x08001828       0x6c build_arm_cortex_m4_base_application_stm32f4/message.o
                0x08001828                get_dynamic_msg
 .text.set_data_dynamic_msg
                0x08001894       0xe8 build_arm_cortex_m4_base_application_stm32f4/message.o
                0x08001894                set_data_dynamic_msg
 .text.get_data_dynamic_msg
                0x0800197c       0x8c build_arm_cortex_m4_base_application_stm32f4/message.o
                0x0800197c                get_data_dynamic_msg
 .text.get_data_len_dynamic_msg
                0x08001a08        0x4 build_arm_cortex_m4_base_application_stm32f4/message.o
                0x08001a08                get_data_len_dynamic_msg
 .text.fsm_dispatch
                0x08001a0c        0x8 build_arm_cortex_m4_base_application_stm32f4/fsm.o
                0x08001a0c                fsm_dispatch
 .text.task_create
                0x08001a14       0x40 build_arm_cortex_m4_base_application_stm32f4/task.o
                0x08001a14                task_create
 .text.task_post
                0x08001a54       0x90 build_arm_cortex_m4_base_application_stm32f4/task.o
                0x08001a54                task_post
 .text.task_remove_msg
                0x08001ae4       0x9c build_arm_cortex_m4_base_application_stm32f4/task.o
                0x08001ae4                task_remove_msg
 .text.task_post_pure_msg
                0x08001b80       0x98 build_arm_cortex_m4_base_application_stm32f4/task.o
                0x08001b80                task_post_pure_msg
 .text.task_post_common_msg
                0x08001c18       0xa4 build_arm_cortex_m4_base_application_stm32f4/task.o
                0x08001c18                task_post_common_msg
 .text.task_entry_interrupt
                0x08001cbc       0x1c build_arm_cortex_m4_base_application_stm32f4/task.o
                0x08001cbc                task_entry_interrupt
 .text.task_exit_interrupt
                0x08001cd8       0x24 build_arm_cortex_m4_base_application_stm32f4/task.o
                0x08001cd8                task_exit_interrupt
 .text.task_init
                0x08001cfc       0x70 build_arm_cortex_m4_base_application_stm32f4/task.o
                0x08001cfc                task_init
 .text.task_run
                0x08001d6c      0x124 build_arm_cortex_m4_base_application_stm32f4/task.o
                0x08001d6c                task_run
 .text.get_current_task_id
                0x08001e90        0xc build_arm_cortex_m4_base_application_stm32f4/task.o
                0x08001e90                get_current_task_id
 .text.get_current_task_info
                0x08001e9c        0x8 build_arm_cortex_m4_base_application_stm32f4/task.o
                0x08001e9c                get_current_task_info
 .text.get_current_active_object
                0x08001ea4        0x8 build_arm_cortex_m4_base_application_stm32f4/task.o
                0x08001ea4                get_current_active_object
 .text.task_timer_tick
                0x08001eac      0x108 build_arm_cortex_m4_base_application_stm32f4/timer.o
                0x08001eac                task_timer_tick
 .text.timer_init
                0x08001fb4       0xa8 build_arm_cortex_m4_base_application_stm32f4/timer.o
                0x08001fb4                timer_init
 .text.timer_tick
                0x0800205c       0x40 build_arm_cortex_m4_base_application_stm32f4/timer.o
                0x0800205c                timer_tick
 .text.timer_set
                0x0800209c       0xa8 build_arm_cortex_m4_base_application_stm32f4/timer.o
                0x0800209c                timer_set
 .text.timer_remove_attr
                0x08002144       0x70 build_arm_cortex_m4_base_application_stm32f4/timer.o
                0x08002144                timer_remove_attr
 .text.mem_set  0x080021b4       0x10 build_arm_cortex_m4_base_application_stm32f4/utils.o
                0x080021b4                mem_set
 .text.mem_cpy  0x080021c4       0x98 build_arm_cortex_m4_base_application_stm32f4/utils.o
                0x080021c4                mem_cpy
 .text.str_cpy  0x0800225c       0x38 build_arm_cortex_m4_base_application_stm32f4/utils.o
                0x0800225c                str_cpy
 .text.xputc    0x08002294       0x30 build_arm_cortex_m4_base_application_stm32f4/xprintf.o
                0x08002294                xputc
 .text.sxputc   0x080022c4       0x10 build_arm_cortex_m4_base_application_stm32f4/xprintf.o
                0x080022c4                sxputc
 .text.xstream  0x080022d4      0x36c build_arm_cortex_m4_base_application_stm32f4/xprintf.o
                0x080022d4                xstream
 .text.xprintf  0x08002640       0x28 build_arm_cortex_m4_base_application_stm32f4/xprintf.o
                0x08002640                xprintf
 .text.set_dymc_output_type
                0x08002668       0x18 build_arm_cortex_m4_base_application_stm32f4/xprintf.o
                0x08002668                set_dymc_output_type
 .text.xdymcprintf
                0x08002680       0x74 build_arm_cortex_m4_base_application_stm32f4/xprintf.o
                0x08002680                xdymcprintf
 .text.cmd_line_parser
                0x080026f4       0x94 build_arm_cortex_m4_base_application_stm32f4/cmd_line.o
                0x080026f4                cmd_line_parser
 .text.fifo_init
                0x08002788       0x38 build_arm_cortex_m4_base_application_stm32f4/fifo.o
                0x08002788                fifo_init
 .text.fifo_availble
                0x080027c0        0x4 build_arm_cortex_m4_base_application_stm32f4/fifo.o
                0x080027c0                fifo_availble
 .text.fifo_is_full
                0x080027c4       0x10 build_arm_cortex_m4_base_application_stm32f4/fifo.o
                0x080027c4                fifo_is_full
 .text.fifo_put
                0x080027d4       0x58 build_arm_cortex_m4_base_application_stm32f4/fifo.o
                0x080027d4                fifo_put
 .text.fifo_get
                0x0800282c       0x60 build_arm_cortex_m4_base_application_stm32f4/fifo.o
                0x0800282c                fifo_get
 .text.led_init
                0x0800288c       0x20 build_arm_cortex_m4_base_application_stm32f4/led.o
                0x0800288c                led_init
 .text.led_toggle
                0x080028ac       0x20 build_arm_cortex_m4_base_application_stm32f4/led.o
                0x080028ac                led_toggle
 .text.flash_read
                0x080028cc       0x80 build_arm_cortex_m4_base_application_stm32f4/flash.o
                0x080028cc                flash_read
 .text.flash_write
                0x0800294c       0xe0 build_arm_cortex_m4_base_application_stm32f4/flash.o
                0x0800294c                flash_write
 .text.flash_erase_sector
                0x08002a2c       0xc0 build_arm_cortex_m4_base_application_stm32f4/flash.o
                0x08002a2c                flash_erase_sector
 .text.flash_erase_block_64k
                0x08002aec       0xbc build_arm_cortex_m4_base_application_stm32f4/flash.o
                0x08002aec                flash_erase_block_64k
 .text.flash_erase_full
                0x08002ba8       0x9c build_arm_cortex_m4_base_application_stm32f4/flash.o
                0x08002ba8                flash_erase_full
 .text.TM_FATFS_DriveSize
                0x08002c44       0x38 build_arm_cortex_m4_base_application_stm32f4/tm_stm32f4_fatfs.o
                0x08002c44                TM_FATFS_DriveSize
 .text.TM_FATFS_CheckCardDetectPin
                0x08002c7c        0x4 build_arm_cortex_m4_base_application_stm32f4/tm_stm32f4_fatfs.o
                0x08002c7c                TM_FATFS_CheckCardDetectPin
 .text.sys_dbg_fatal
                0x08002c80       0xbc build_arm_cortex_m4_base_application_stm32f4/sys_dbg.o
                0x08002c80                sys_dbg_fatal
 .text.sys_dbg_func_stack_dump
                0x08002d3c       0x68 build_arm_cortex_m4_base_application_stm32f4/sys_dbg.o
                0x08002d3c                sys_dbg_func_stack_dump
 .text.sys_dbg_cpu_dump
                0x08002da4       0x4c build_arm_cortex_m4_base_application_stm32f4/sys_dbg.o
                0x08002da4                sys_dbg_cpu_dump
 .text.sys_dbg_stack_space_dump
                0x08002df0       0x30 build_arm_cortex_m4_base_application_stm32f4/sys_dbg.o
                0x08002df0                sys_dbg_stack_space_dump
 .text.sys_boot_get
                0x08002e20        0x4 build_arm_cortex_m4_base_application_stm32f4/sys_boot.o
                0x08002e20                sys_boot_get
 .text.sys_boot_set
                0x08002e24        0x4 build_arm_cortex_m4_base_application_stm32f4/sys_boot.o
                0x08002e24                sys_boot_set
 .text.sys_svc_restart_app
                0x08002e28        0x4 build_arm_cortex_m4_base_application_stm32f4/sys_svc.o
                0x08002e28                sys_svc_restart_app
 .text.hal_nrf_rw
                0x08002e2c        0x4 build_arm_cortex_m4_base_application_stm32f4/hal_nrf_hw.o
                0x08002e2c                hal_nrf_rw
 .text.hal_nrf_set_irq_mode
                0x08002e30       0x78 build_arm_cortex_m4_base_application_stm32f4/hal_nrf_l01.o
                0x08002e30                hal_nrf_set_irq_mode
 .text.hal_nrf_get_clear_irq_flags
                0x08002ea8       0x20 build_arm_cortex_m4_base_application_stm32f4/hal_nrf_l01.o
                0x08002ea8                hal_nrf_get_clear_irq_flags
 .text.hal_nrf_set_crc_mode
                0x08002ec8       0x3c build_arm_cortex_m4_base_application_stm32f4/hal_nrf_l01.o
                0x08002ec8                hal_nrf_set_crc_mode
 .text.hal_nrf_open_pipe
                0x08002f04      0x100 build_arm_cortex_m4_base_application_stm32f4/hal_nrf_l01.o
                0x08002f04                hal_nrf_open_pipe
 .text.hal_nrf_close_pipe
                0x08003004       0xa4 build_arm_cortex_m4_base_application_stm32f4/hal_nrf_l01.o
                0x08003004                hal_nrf_close_pipe
 .text.hal_nrf_set_address
                0x080030a8       0x90 build_arm_cortex_m4_base_application_stm32f4/hal_nrf_l01.o
                0x080030a8                hal_nrf_set_address
 .text.hal_nrf_set_auto_retr
                0x08003138       0x30 build_arm_cortex_m4_base_application_stm32f4/hal_nrf_l01.o
                0x08003138                hal_nrf_set_auto_retr
 .text.hal_nrf_set_address_width
                0x08003168       0x20 build_arm_cortex_m4_base_application_stm32f4/hal_nrf_l01.o
                0x08003168                hal_nrf_set_address_width
 .text.hal_nrf_set_rx_pload_width
                0x08003188       0x58 build_arm_cortex_m4_base_application_stm32f4/hal_nrf_l01.o
                0x08003188                hal_nrf_set_rx_pload_width
 .text.hal_nrf_set_operation_mode
                0x080031e0       0x68 build_arm_cortex_m4_base_application_stm32f4/hal_nrf_l01.o
                0x080031e0                hal_nrf_set_operation_mode
 .text.hal_nrf_set_power_mode
                0x08003248       0x68 build_arm_cortex_m4_base_application_stm32f4/hal_nrf_l01.o
                0x08003248                hal_nrf_set_power_mode
 .text.hal_nrf_set_rf_channel
                0x080032b0       0x1c build_arm_cortex_m4_base_application_stm32f4/hal_nrf_l01.o
                0x080032b0                hal_nrf_set_rf_channel
 .text.hal_nrf_set_output_power
                0x080032cc       0x3c build_arm_cortex_m4_base_application_stm32f4/hal_nrf_l01.o
                0x080032cc                hal_nrf_set_output_power
 .text.hal_nrf_set_datarate
                0x08003308       0x68 build_arm_cortex_m4_base_application_stm32f4/hal_nrf_l01.o
                0x08003308                hal_nrf_set_datarate
 .text.hal_nrf_write_tx_pload
                0x08003370       0x30 build_arm_cortex_m4_base_application_stm32f4/hal_nrf_l01.o
                0x08003370                hal_nrf_write_tx_pload
 .text.hal_nrf_flush_rx
                0x080033a0       0x14 build_arm_cortex_m4_base_application_stm32f4/hal_nrf_l01.o
                0x080033a0                hal_nrf_flush_rx
 .text.hal_nrf_flush_tx
                0x080033b4       0x14 build_arm_cortex_m4_base_application_stm32f4/hal_nrf_l01.o
                0x080033b4                hal_nrf_flush_tx
 .text.hal_nrf_set_lna_gain
                0x080033c8       0x68 build_arm_cortex_m4_base_application_stm32f4/hal_nrf_l01.o
                0x080033c8                hal_nrf_set_lna_gain
 .text.NVIC_PriorityGroupConfig
                0x08003430       0x14 build_arm_cortex_m4_base_application_stm32f4/misc.o
                0x08003430                NVIC_PriorityGroupConfig
 .text.NVIC_Init
                0x08003444       0x70 build_arm_cortex_m4_base_application_stm32f4/misc.o
                0x08003444                NVIC_Init
 .text.DMA_DeInit
                0x080034b4      0x128 build_arm_cortex_m4_base_application_stm32f4/stm32f4xx_dma.o
                0x080034b4                DMA_DeInit
 .text.DMA_Init
                0x080035dc       0x58 build_arm_cortex_m4_base_application_stm32f4/stm32f4xx_dma.o
                0x080035dc                DMA_Init
 .text.DMA_Cmd  0x08003634       0x14 build_arm_cortex_m4_base_application_stm32f4/stm32f4xx_dma.o
                0x08003634                DMA_Cmd
 .text.DMA_FlowControllerConfig
                0x08003648       0x14 build_arm_cortex_m4_base_application_stm32f4/stm32f4xx_dma.o
                0x08003648                DMA_FlowControllerConfig
 .text.DMA_ClearFlag
                0x0800365c       0x34 build_arm_cortex_m4_base_application_stm32f4/stm32f4xx_dma.o
                0x0800365c                DMA_ClearFlag
 .text.DMA_ITConfig
                0x08003690       0x40 build_arm_cortex_m4_base_application_stm32f4/stm32f4xx_dma.o
                0x08003690                DMA_ITConfig
 .text.EXTI_Init
                0x080036d0       0x7c build_arm_cortex_m4_base_application_stm32f4/stm32f4xx_exti.o
                0x080036d0                EXTI_Init
 .text.FLASH_Unlock
                0x0800374c       0x20 build_arm_cortex_m4_base_application_stm32f4/stm32f4xx_flash.o
                0x0800374c                FLASH_Unlock
 .text.FLASH_Lock
                0x0800376c       0x10 build_arm_cortex_m4_base_application_stm32f4/stm32f4xx_flash.o
                0x0800376c                FLASH_Lock
 .text.FLASH_ClearFlag
                0x0800377c        0xc build_arm_cortex_m4_base_application_stm32f4/stm32f4xx_flash.o
                0x0800377c                FLASH_ClearFlag
 .text.GPIO_Init
                0x08003788       0xa4 build_arm_cortex_m4_base_application_stm32f4/stm32f4xx_gpio.o
                0x08003788                GPIO_Init
 .text.GPIO_SetBits
                0x0800382c        0x4 build_arm_cortex_m4_base_application_stm32f4/stm32f4xx_gpio.o
                0x0800382c                GPIO_SetBits
 .text.GPIO_ResetBits
                0x08003830        0x4 build_arm_cortex_m4_base_application_stm32f4/stm32f4xx_gpio.o
                0x08003830                GPIO_ResetBits
 .text.GPIO_PinAFConfig
                0x08003834       0x28 build_arm_cortex_m4_base_application_stm32f4/stm32f4xx_gpio.o
                0x08003834                GPIO_PinAFConfig
 .text.IWDG_ReloadCounter
                0x0800385c       0x10 build_arm_cortex_m4_base_application_stm32f4/stm32f4xx_iwdg.o
                0x0800385c                IWDG_ReloadCounter
 .text.RCC_HSICmd
                0x0800386c        0xc build_arm_cortex_m4_base_application_stm32f4/stm32f4xx_rcc.o
                0x0800386c                RCC_HSICmd
 .text.RCC_GetClocksFreq
                0x08003878       0x98 build_arm_cortex_m4_base_application_stm32f4/stm32f4xx_rcc.o
                0x08003878                RCC_GetClocksFreq
 .text.RCC_AHB1PeriphClockCmd
                0x08003910       0x1c build_arm_cortex_m4_base_application_stm32f4/stm32f4xx_rcc.o
                0x08003910                RCC_AHB1PeriphClockCmd
 .text.RCC_APB1PeriphClockCmd
                0x0800392c       0x1c build_arm_cortex_m4_base_application_stm32f4/stm32f4xx_rcc.o
                0x0800392c                RCC_APB1PeriphClockCmd
 .text.RCC_APB2PeriphClockCmd
                0x08003948       0x1c build_arm_cortex_m4_base_application_stm32f4/stm32f4xx_rcc.o
                0x08003948                RCC_APB2PeriphClockCmd
 .text.RCC_APB1PeriphResetCmd
                0x08003964       0x1c build_arm_cortex_m4_base_application_stm32f4/stm32f4xx_rcc.o
                0x08003964                RCC_APB1PeriphResetCmd
 .text.RCC_APB2PeriphResetCmd
                0x08003980       0x1c build_arm_cortex_m4_base_application_stm32f4/stm32f4xx_rcc.o
                0x08003980                RCC_APB2PeriphResetCmd
 .text.RCC_GetFlagStatus
                0x0800399c       0x34 build_arm_cortex_m4_base_application_stm32f4/stm32f4xx_rcc.o
                0x0800399c                RCC_GetFlagStatus
 .text.SDIO_DeInit
                0x080039d0       0x1c build_arm_cortex_m4_base_application_stm32f4/stm32f4xx_sdio.o
                0x080039d0                SDIO_DeInit
 .text.SDIO_Init
                0x080039ec       0x38 build_arm_cortex_m4_base_application_stm32f4/stm32f4xx_sdio.o
                0x080039ec                SDIO_Init
 .text.SDIO_ClockCmd
                0x08003a24        0xc build_arm_cortex_m4_base_application_stm32f4/stm32f4xx_sdio.o
                0x08003a24                SDIO_ClockCmd
 .text.SDIO_SetPowerState
                0x08003a30        0xc build_arm_cortex_m4_base_application_stm32f4/stm32f4xx_sdio.o
                0x08003a30                SDIO_SetPowerState
 .text.SDIO_GetPowerState
                0x08003a3c       0x10 build_arm_cortex_m4_base_application_stm32f4/stm32f4xx_sdio.o
                0x08003a3c                SDIO_GetPowerState
 .text.SDIO_SendCommand
                0x08003a4c       0x30 build_arm_cortex_m4_base_application_stm32f4/stm32f4xx_sdio.o
                0x08003a4c                SDIO_SendCommand
 .text.SDIO_GetCommandResponse
                0x08003a7c        0xc build_arm_cortex_m4_base_application_stm32f4/stm32f4xx_sdio.o
                0x08003a7c                SDIO_GetCommandResponse
 .text.SDIO_GetResponse
                0x08003a88       0x18 build_arm_cortex_m4_base_application_stm32f4/stm32f4xx_sdio.o
                0x08003a88                SDIO_GetResponse
 .text.SDIO_DataConfig
                0x08003aa0       0x2c build_arm_cortex_m4_base_application_stm32f4/stm32f4xx_sdio.o
                0x08003aa0                SDIO_DataConfig
 .text.SDIO_ReadData
                0x08003acc        0xc build_arm_cortex_m4_base_application_stm32f4/stm32f4xx_sdio.o
                0x08003acc                SDIO_ReadData
 .text.SDIO_DMACmd
                0x08003ad8        0xc build_arm_cortex_m4_base_application_stm32f4/stm32f4xx_sdio.o
                0x08003ad8                SDIO_DMACmd
 .text.SDIO_GetFlagStatus
                0x08003ae4       0x14 build_arm_cortex_m4_base_application_stm32f4/stm32f4xx_sdio.o
                0x08003ae4                SDIO_GetFlagStatus
 .text.SPI_I2S_DeInit
                0x08003af8       0xd0 build_arm_cortex_m4_base_application_stm32f4/stm32f4xx_spi.o
                0x08003af8                SPI_I2S_DeInit
 .text.SPI_Init
                0x08003bc8       0x40 build_arm_cortex_m4_base_application_stm32f4/stm32f4xx_spi.o
                0x08003bc8                SPI_Init
 .text.SPI_Cmd  0x08003c08       0x1c build_arm_cortex_m4_base_application_stm32f4/stm32f4xx_spi.o
                0x08003c08                SPI_Cmd
 .text.SPI_I2S_ReceiveData
                0x08003c24        0x8 build_arm_cortex_m4_base_application_stm32f4/stm32f4xx_spi.o
                0x08003c24                SPI_I2S_ReceiveData
 .text.SPI_I2S_SendData
                0x08003c2c        0x4 build_arm_cortex_m4_base_application_stm32f4/stm32f4xx_spi.o
                0x08003c2c                SPI_I2S_SendData
 .text.SPI_I2S_GetFlagStatus
                0x08003c30        0xc build_arm_cortex_m4_base_application_stm32f4/stm32f4xx_spi.o
                0x08003c30                SPI_I2S_GetFlagStatus
 .text.SYSCFG_EXTILineConfig
                0x08003c3c       0x2c build_arm_cortex_m4_base_application_stm32f4/stm32f4xx_syscfg.o
                0x08003c3c                SYSCFG_EXTILineConfig
 .text.TIM_DeInit
                0x08003c68      0x1b8 build_arm_cortex_m4_base_application_stm32f4/stm32f4xx_tim.o
                0x08003c68                TIM_DeInit
 .text.TIM_TimeBaseInit
                0x08003e20       0x98 build_arm_cortex_m4_base_application_stm32f4/stm32f4xx_tim.o
                0x08003e20                TIM_TimeBaseInit
 .text.TIM_TimeBaseStructInit
                0x08003eb8       0x14 build_arm_cortex_m4_base_application_stm32f4/stm32f4xx_tim.o
                0x08003eb8                TIM_TimeBaseStructInit
 .text.TIM_SetCounter
                0x08003ecc        0x4 build_arm_cortex_m4_base_application_stm32f4/stm32f4xx_tim.o
                0x08003ecc                TIM_SetCounter
 .text.TIM_ARRPreloadConfig
                0x08003ed0       0x1c build_arm_cortex_m4_base_application_stm32f4/stm32f4xx_tim.o
                0x08003ed0                TIM_ARRPreloadConfig
 .text.TIM_Cmd  0x08003eec       0x1c build_arm_cortex_m4_base_application_stm32f4/stm32f4xx_tim.o
                0x08003eec                TIM_Cmd
 .text.TIM_OC1Init
                0x08003f08       0x80 build_arm_cortex_m4_base_application_stm32f4/stm32f4xx_tim.o
                0x08003f08                TIM_OC1Init
 .text.TIM_OC2Init
                0x08003f88       0x90 build_arm_cortex_m4_base_application_stm32f4/stm32f4xx_tim.o
                0x08003f88                TIM_OC2Init
 .text.TIM_OC3Init
                0x08004018       0x8c build_arm_cortex_m4_base_application_stm32f4/stm32f4xx_tim.o
                0x08004018                TIM_OC3Init
 .text.TIM_OC4Init
                0x080040a4       0x74 build_arm_cortex_m4_base_application_stm32f4/stm32f4xx_tim.o
                0x080040a4                TIM_OC4Init
 .text.TIM_OC1PreloadConfig
                0x08004118       0x10 build_arm_cortex_m4_base_application_stm32f4/stm32f4xx_tim.o
                0x08004118                TIM_OC1PreloadConfig
 .text.TIM_OC2PreloadConfig
                0x08004128       0x14 build_arm_cortex_m4_base_application_stm32f4/stm32f4xx_tim.o
                0x08004128                TIM_OC2PreloadConfig
 .text.TIM_OC3PreloadConfig
                0x0800413c       0x10 build_arm_cortex_m4_base_application_stm32f4/stm32f4xx_tim.o
                0x0800413c                TIM_OC3PreloadConfig
 .text.TIM_OC4PreloadConfig
                0x0800414c       0x14 build_arm_cortex_m4_base_application_stm32f4/stm32f4xx_tim.o
                0x0800414c                TIM_OC4PreloadConfig
 .text.TIM_ICInit
                0x08004160      0x168 build_arm_cortex_m4_base_application_stm32f4/stm32f4xx_tim.o
                0x08004160                TIM_ICInit
 .text.TIM_ICStructInit
                0x080042c8       0x14 build_arm_cortex_m4_base_application_stm32f4/stm32f4xx_tim.o
                0x080042c8                TIM_ICStructInit
 .text.TIM_CtrlPWMOutputs
                0x080042dc       0x20 build_arm_cortex_m4_base_application_stm32f4/stm32f4xx_tim.o
                0x080042dc                TIM_CtrlPWMOutputs
 .text.TIM_ITConfig
                0x080042fc       0x14 build_arm_cortex_m4_base_application_stm32f4/stm32f4xx_tim.o
                0x080042fc                TIM_ITConfig
 .text.TIM_ClearFlag
                0x08004310        0x8 build_arm_cortex_m4_base_application_stm32f4/stm32f4xx_tim.o
                0x08004310                TIM_ClearFlag
 .text.TIM_GetITStatus
                0x08004318       0x18 build_arm_cortex_m4_base_application_stm32f4/stm32f4xx_tim.o
                0x08004318                TIM_GetITStatus
 .text.TIM_ClearITPendingBit
                0x08004330        0x8 build_arm_cortex_m4_base_application_stm32f4/stm32f4xx_tim.o
                0x08004330                TIM_ClearITPendingBit
 .text.TIM_EncoderInterfaceConfig
                0x08004338       0x40 build_arm_cortex_m4_base_application_stm32f4/stm32f4xx_tim.o
                0x08004338                TIM_EncoderInterfaceConfig
 .text.USART_Init
                0x08004378       0xc4 build_arm_cortex_m4_base_application_stm32f4/stm32f4xx_usart.o
                0x08004378                USART_Init
 .text.USART_Cmd
                0x0800443c       0x1c build_arm_cortex_m4_base_application_stm32f4/stm32f4xx_usart.o
                0x0800443c                USART_Cmd
 .text.USART_SendData
                0x08004458        0x8 build_arm_cortex_m4_base_application_stm32f4/stm32f4xx_usart.o
                0x08004458                USART_SendData
 .text.USART_ReceiveData
                0x08004460        0x8 build_arm_cortex_m4_base_application_stm32f4/stm32f4xx_usart.o
                0x08004460                USART_ReceiveData
 .text.USART_ITConfig
                0x08004468       0x38 build_arm_cortex_m4_base_application_stm32f4/stm32f4xx_usart.o
                0x08004468                USART_ITConfig
 .text.USART_GetFlagStatus
                0x080044a0        0xc build_arm_cortex_m4_base_application_stm32f4/stm32f4xx_usart.o
                0x080044a0                USART_GetFlagStatus
 .text.USART_GetITStatus
                0x080044ac       0x48 build_arm_cortex_m4_base_application_stm32f4/stm32f4xx_usart.o
                0x080044ac                USART_GetITStatus
 .text.USART_ClearITPendingBit
                0x080044f4       0x10 build_arm_cortex_m4_base_application_stm32f4/stm32f4xx_usart.o
                0x080044f4                USART_ClearITPendingBit
 .text.TM_GPIO_Init
                0x08004504      0x140 build_arm_cortex_m4_base_application_stm32f4/tm_stm32f4_gpio.o
                0x08004504                TM_GPIO_Init
 .text.TM_GPIO_InitAlternate
                0x08004644      0x25c build_arm_cortex_m4_base_application_stm32f4/tm_stm32f4_gpio.o
                0x08004644                TM_GPIO_InitAlternate
 .text.TM_GPIO_DeInit
                0x080048a0      0x1d8 build_arm_cortex_m4_base_application_stm32f4/tm_stm32f4_gpio.o
                0x080048a0                TM_GPIO_DeInit
 .text.TM_GPIO_SetPullResistor
                0x08004a78      0x100 build_arm_cortex_m4_base_application_stm32f4/tm_stm32f4_gpio.o
                0x08004a78                TM_GPIO_SetPullResistor
 .text.TM_PWM_InitTimer
                0x08004b78      0x104 build_arm_cortex_m4_base_application_stm32f4/tm_stm32f4_pwm.o
                0x08004b78                TM_PWM_InitTimer
 .text.TM_PWM_SetChannelPercent
                0x08004c7c      0x1dc build_arm_cortex_m4_base_application_stm32f4/tm_stm32f4_pwm.o
                0x08004c7c                TM_PWM_SetChannelPercent
 .text.TM_PWM_INT_InitTIM1Pins
                0x08004e58      0x108 build_arm_cortex_m4_base_application_stm32f4/tm_stm32f4_pwm.o
                0x08004e58                TM_PWM_INT_InitTIM1Pins
 .text.TM_PWM_INT_InitTIM2Pins
                0x08004f60      0x11c build_arm_cortex_m4_base_application_stm32f4/tm_stm32f4_pwm.o
                0x08004f60                TM_PWM_INT_InitTIM2Pins
 .text.TM_PWM_INT_InitTIM3Pins
                0x0800507c      0x140 build_arm_cortex_m4_base_application_stm32f4/tm_stm32f4_pwm.o
                0x0800507c                TM_PWM_INT_InitTIM3Pins
 .text.TM_PWM_INT_InitTIM4Pins
                0x080051bc      0x110 build_arm_cortex_m4_base_application_stm32f4/tm_stm32f4_pwm.o
                0x080051bc                TM_PWM_INT_InitTIM4Pins
 .text.TM_PWM_INT_InitTIM5Pins
                0x080052cc      0x10c build_arm_cortex_m4_base_application_stm32f4/tm_stm32f4_pwm.o
                0x080052cc                TM_PWM_INT_InitTIM5Pins
 .text.TM_PWM_INT_InitTIM8Pins
                0x080053d8       0xfc build_arm_cortex_m4_base_application_stm32f4/tm_stm32f4_pwm.o
                0x080053d8                TM_PWM_INT_InitTIM8Pins
 .text.TM_PWM_INT_InitTIM9Pins
                0x080054d4       0x90 build_arm_cortex_m4_base_application_stm32f4/tm_stm32f4_pwm.o
                0x080054d4                TM_PWM_INT_InitTIM9Pins
 .text.TM_PWM_INT_InitTIM12Pins
                0x08005564       0xa0 build_arm_cortex_m4_base_application_stm32f4/tm_stm32f4_pwm.o
                0x08005564                TM_PWM_INT_InitTIM12Pins
 .text.TM_PWM_InitChannel
                0x08005604      0x1e8 build_arm_cortex_m4_base_application_stm32f4/tm_stm32f4_pwm.o
                0x08005604                TM_PWM_InitChannel
 .text.TM_TIMER_PROPERTIES_GetTimerProperties
                0x080057ec       0xbc build_arm_cortex_m4_base_application_stm32f4/tm_stm32f4_timer_properties.o
                0x080057ec                TM_TIMER_PROPERTIES_GetTimerProperties
 .text.TM_TIMER_PROPERTIES_GenerateDataForWorkingFrequency
                0x080058a8       0xa4 build_arm_cortex_m4_base_application_stm32f4/tm_stm32f4_timer_properties.o
                0x080058a8                TM_TIMER_PROPERTIES_GenerateDataForWorkingFrequency
 .text.TM_TIMER_PROPERTIES_EnableClock
                0x0800594c      0x148 build_arm_cortex_m4_base_application_stm32f4/tm_stm32f4_timer_properties.o
                0x0800594c                TM_TIMER_PROPERTIES_EnableClock
 .text.TM_FATFS_SPI_FLASH_disk_status
                0x08005a94        0x4 build_arm_cortex_m4_base_application_stm32f4/diskio.o
                0x08005a94                TM_FATFS_SPI_FLASH_disk_status
 .text.TM_FATFS_SPI_FLASH_disk_ioctl
                0x08005a98        0x4 build_arm_cortex_m4_base_application_stm32f4/diskio.o
                0x08005a98                TM_FATFS_SPI_FLASH_disk_ioctl
 .text.TM_FATFS_SPI_FLASH_disk_write
                0x08005a9c        0x4 build_arm_cortex_m4_base_application_stm32f4/diskio.o
                0x08005a9c                TM_FATFS_SPI_FLASH_disk_write
 .text.TM_FATFS_SDRAM_disk_write
                0x08005aa0        0x4 build_arm_cortex_m4_base_application_stm32f4/diskio.o
                0x08005aa0                TM_FATFS_SDRAM_disk_write
 .text.TM_FATFS_USB_disk_read
                0x08005aa4        0x4 build_arm_cortex_m4_base_application_stm32f4/diskio.o
                0x08005aa4                TM_FATFS_USB_disk_read
 .text.TM_FATFS_SDRAM_disk_read
                0x08005aa8        0x4 build_arm_cortex_m4_base_application_stm32f4/diskio.o
                0x08005aa8                TM_FATFS_SDRAM_disk_read
 .text.TM_FATFS_SPI_FLASH_disk_read
                0x08005aac        0x4 build_arm_cortex_m4_base_application_stm32f4/diskio.o
                0x08005aac                TM_FATFS_SPI_FLASH_disk_read
 .text.TM_FATFS_USB_disk_write
                0x08005ab0        0x4 build_arm_cortex_m4_base_application_stm32f4/diskio.o
                0x08005ab0                TM_FATFS_USB_disk_write
 .text.TM_FATFS_USB_disk_ioctl
                0x08005ab4        0x4 build_arm_cortex_m4_base_application_stm32f4/diskio.o
                0x08005ab4                TM_FATFS_USB_disk_ioctl
 .text.TM_FATFS_SDRAM_disk_ioctl
                0x08005ab8        0x4 build_arm_cortex_m4_base_application_stm32f4/diskio.o
                0x08005ab8                TM_FATFS_SDRAM_disk_ioctl
 .text.TM_FATFS_USB_disk_initialize
                0x08005abc        0x4 build_arm_cortex_m4_base_application_stm32f4/diskio.o
                0x08005abc                TM_FATFS_USB_disk_initialize
 .text.TM_FATFS_SDRAM_disk_initialize
                0x08005ac0        0x4 build_arm_cortex_m4_base_application_stm32f4/diskio.o
                0x08005ac0                TM_FATFS_SDRAM_disk_initialize
 .text.TM_FATFS_SPI_FLASH_disk_initialize
                0x08005ac4        0x4 build_arm_cortex_m4_base_application_stm32f4/diskio.o
                0x08005ac4                TM_FATFS_SPI_FLASH_disk_initialize
 .text.TM_FATFS_USB_disk_status
                0x08005ac8        0x4 build_arm_cortex_m4_base_application_stm32f4/diskio.o
                0x08005ac8                TM_FATFS_USB_disk_status
 .text.TM_FATFS_SDRAM_disk_status
                0x08005acc        0x4 build_arm_cortex_m4_base_application_stm32f4/diskio.o
                0x08005acc                TM_FATFS_SDRAM_disk_status
 .text.disk_initialize
                0x08005ad0       0x18 build_arm_cortex_m4_base_application_stm32f4/diskio.o
                0x08005ad0                disk_initialize
 .text.disk_status
                0x08005ae8       0x18 build_arm_cortex_m4_base_application_stm32f4/diskio.o
                0x08005ae8                disk_status
 .text.disk_read
                0x08005b00       0x30 build_arm_cortex_m4_base_application_stm32f4/diskio.o
                0x08005b00                disk_read
 .text.disk_write
                0x08005b30       0x30 build_arm_cortex_m4_base_application_stm32f4/diskio.o
                0x08005b30                disk_write
 .text.disk_ioctl
                0x08005b60       0x1c build_arm_cortex_m4_base_application_stm32f4/diskio.o
                0x08005b60                disk_ioctl
 .text.get_fattime
                0x08005b7c        0x8 build_arm_cortex_m4_base_application_stm32f4/diskio.o
                0x08005b7c                get_fattime
 .text.get_ldnumber
                0x08005b84       0x9c build_arm_cortex_m4_base_application_stm32f4/ff.o
 .text.unlikely.sync_window.part.1
                0x08005c20       0x48 build_arm_cortex_m4_base_application_stm32f4/ff.o
 .text.move_window
                0x08005c68       0x7c build_arm_cortex_m4_base_application_stm32f4/ff.o
 .text.find_volume
                0x08005ce4      0x468 build_arm_cortex_m4_base_application_stm32f4/ff.o
 .text.sync_fs  0x0800614c       0xfc build_arm_cortex_m4_base_application_stm32f4/ff.o
 .text.put_fat.part.5
                0x08006248      0x2c0 build_arm_cortex_m4_base_application_stm32f4/ff.o
 .text.remove_chain.part.7
                0x08006508      0x298 build_arm_cortex_m4_base_application_stm32f4/ff.o
 .text.get_fat.part.4
                0x080067a0      0x26c build_arm_cortex_m4_base_application_stm32f4/ff.o
 .text.dir_sdi  0x08006a0c       0xa0 build_arm_cortex_m4_base_application_stm32f4/ff.o
 .text.create_chain
                0x08006aac      0x328 build_arm_cortex_m4_base_application_stm32f4/ff.o
 .text.f_write.part.9
                0x08006dd4      0x2d4 build_arm_cortex_m4_base_application_stm32f4/ff.o
 .text.dir_next.constprop.14
                0x080070a8       0x88 build_arm_cortex_m4_base_application_stm32f4/ff.o
 .text.dir_alloc
                0x08007130      0x1e0 build_arm_cortex_m4_base_application_stm32f4/ff.o
 .text.dir_find.part.6
                0x08007310      0x324 build_arm_cortex_m4_base_application_stm32f4/ff.o
 .text.dir_register
                0x08007634      0x998 build_arm_cortex_m4_base_application_stm32f4/ff.o
 .text.follow_path
                0x08007fcc      0x3b0 build_arm_cortex_m4_base_application_stm32f4/ff.o
 .text.f_mount  0x0800837c       0x5c build_arm_cortex_m4_base_application_stm32f4/ff.o
                0x0800837c                f_mount
 .text.f_open   0x080083d8      0x64c build_arm_cortex_m4_base_application_stm32f4/ff.o
                0x080083d8                f_open
 .text.f_close  0x08008a24      0x154 build_arm_cortex_m4_base_application_stm32f4/ff.o
                0x08008a24                f_close
 .text.f_getfree
                0x08008b78      0x154 build_arm_cortex_m4_base_application_stm32f4/ff.o
                0x08008b78                f_getfree
 .text.f_puts   0x08008ccc      0x174 build_arm_cortex_m4_base_application_stm32f4/ff.o
                0x08008ccc                f_puts
 .text.CmdResp1Error.part.0
                0x08008e40       0xc0 build_arm_cortex_m4_base_application_stm32f4/fatfs_sd_sdio.o
 .text.CmdResp1Error
                0x08008f00       0x40 build_arm_cortex_m4_base_application_stm32f4/fatfs_sd_sdio.o
 .text.FindSCR.isra.1
                0x08008f40      0x1a8 build_arm_cortex_m4_base_application_stm32f4/fatfs_sd_sdio.o
 .text.TM_FATFS_SD_SDIO_disk_status
                0x080090e8       0x5c build_arm_cortex_m4_base_application_stm32f4/fatfs_sd_sdio.o
                0x080090e8                TM_FATFS_SD_SDIO_disk_status
 .text.TM_FATFS_SD_SDIO_disk_ioctl
                0x08009144       0x1c build_arm_cortex_m4_base_application_stm32f4/fatfs_sd_sdio.o
                0x08009144                TM_FATFS_SD_SDIO_disk_ioctl
 .text.SD_PowerON
                0x08009160      0x290 build_arm_cortex_m4_base_application_stm32f4/fatfs_sd_sdio.o
                0x08009160                SD_PowerON
 .text.SD_InitializeCards
                0x080093f0      0x180 build_arm_cortex_m4_base_application_stm32f4/fatfs_sd_sdio.o
                0x080093f0                SD_InitializeCards
 .text.SD_Init  0x08009570      0x550 build_arm_cortex_m4_base_application_stm32f4/fatfs_sd_sdio.o
                0x08009570                SD_Init
 .text.TM_FATFS_SD_SDIO_disk_initialize
                0x08009ac0      0x120 build_arm_cortex_m4_base_application_stm32f4/fatfs_sd_sdio.o
                0x08009ac0                TM_FATFS_SD_SDIO_disk_initialize
 .text.SD_ReadMultiBlocks
                0x08009be0      0x1bc build_arm_cortex_m4_base_application_stm32f4/fatfs_sd_sdio.o
                0x08009be0                SD_ReadMultiBlocks
 .text.SD_WaitReadOperation
                0x08009d9c      0x104 build_arm_cortex_m4_base_application_stm32f4/fatfs_sd_sdio.o
                0x08009d9c                SD_WaitReadOperation
 .text.TM_FATFS_SD_SDIO_disk_read
                0x08009ea0      0x1b4 build_arm_cortex_m4_base_application_stm32f4/fatfs_sd_sdio.o
                0x08009ea0                TM_FATFS_SD_SDIO_disk_read
 .text.SD_WriteMultiBlocks
                0x0800a054      0x24c build_arm_cortex_m4_base_application_stm32f4/fatfs_sd_sdio.o
                0x0800a054                SD_WriteMultiBlocks
 .text.SD_WaitWriteOperation
                0x0800a2a0      0x108 build_arm_cortex_m4_base_application_stm32f4/fatfs_sd_sdio.o
                0x0800a2a0                SD_WaitWriteOperation
 .text.TM_FATFS_SD_SDIO_disk_write
                0x0800a3a8      0x1c4 build_arm_cortex_m4_base_application_stm32f4/fatfs_sd_sdio.o
                0x0800a3a8                TM_FATFS_SD_SDIO_disk_write
 .text.ff_memalloc
                0x0800a56c        0x4 build_arm_cortex_m4_base_application_stm32f4/syscall.o
                0x0800a56c                ff_memalloc
 .text.ff_memfree
                0x0800a570        0x4 build_arm_cortex_m4_base_application_stm32f4/syscall.o
                0x0800a570                ff_memfree
 .text.ff_convert
                0x0800a574       0x48 build_arm_cortex_m4_base_application_stm32f4/unicode.o
                0x0800a574                ff_convert
 .text.ff_wtoupper
                0x0800a5bc       0x30 build_arm_cortex_m4_base_application_stm32f4/unicode.o
                0x0800a5bc                ff_wtoupper
 .text.disable_interrupts
                0x0800a5ec       0x10 build_arm_cortex_m4_base_application_stm32f4/stm32f4.o
                0x0800a5ec                disable_interrupts
 .text.entry_critical
                0x0800a5fc       0x14 build_arm_cortex_m4_base_application_stm32f4/stm32f4.o
                0x0800a5fc                entry_critical
 .text.exit_critical
                0x0800a610       0x2c build_arm_cortex_m4_base_application_stm32f4/stm32f4.o
                0x0800a610                exit_critical
 .text.get_nest_entry_critical_counter
                0x0800a63c        0xc build_arm_cortex_m4_base_application_stm32f4/stm32f4.o
                0x0800a63c                get_nest_entry_critical_counter
 .text.svc_handler
                0x0800a648       0x14 build_arm_cortex_m4_base_application_stm32f4/system.o
                0x0800a648                svc_handler
 .text.pendsv_handler
                0x0800a65c       0x44 build_arm_cortex_m4_base_application_stm32f4/system.o
                0x0800a65c                pendsv_handler
 .text.default_handler
                0x0800a6a0       0x18 build_arm_cortex_m4_base_application_stm32f4/system.o
                0x0800a6a0                default_handler
                0x0800a6a0                dg_monitor_handler
 .text.nmi_handler
                0x0800a6b8       0x18 build_arm_cortex_m4_base_application_stm32f4/system.o
                0x0800a6b8                nmi_handler
 .text.hard_fault_handler
                0x0800a6d0       0x18 build_arm_cortex_m4_base_application_stm32f4/system.o
                0x0800a6d0                hard_fault_handler
 .text.mem_manage_handler
                0x0800a6e8       0x18 build_arm_cortex_m4_base_application_stm32f4/system.o
                0x0800a6e8                mem_manage_handler
 .text.bus_fault_handler
                0x0800a700       0x18 build_arm_cortex_m4_base_application_stm32f4/system.o
                0x0800a700                bus_fault_handler
 .text.usage_fault_handler
                0x0800a718       0x18 build_arm_cortex_m4_base_application_stm32f4/system.o
                0x0800a718                usage_fault_handler
 .text.systick_handler
                0x0800a730       0x48 build_arm_cortex_m4_base_application_stm32f4/system.o
                0x0800a730                systick_handler
 .text.shell_handler
                0x0800a778       0x2c build_arm_cortex_m4_base_application_stm32f4/system.o
                0x0800a778                shell_handler
 .text.uart2_irq
                0x0800a7a4       0x2c build_arm_cortex_m4_base_application_stm32f4/system.o
                0x0800a7a4                uart2_irq
 .text.timer4_irq
                0x0800a7d0      0x1d0 build_arm_cortex_m4_base_application_stm32f4/system.o
                0x0800a7d0                timer4_irq
 .text.sys_ctrl_delay
                0x0800a9a0        0x8 build_arm_cortex_m4_base_application_stm32f4/system.o
                0x0800a9a0                sys_ctrl_delay
 .text.reset_handler
                0x0800a9a8       0xe0 build_arm_cortex_m4_base_application_stm32f4/system.o
                0x0800a9a8                reset_handler
 .text.sys_ctrl_millis
                0x0800aa88       0x20 build_arm_cortex_m4_base_application_stm32f4/system.o
                0x0800aa88                sys_ctrl_millis
 .text._init    0x0800aaa8        0x4 build_arm_cortex_m4_base_application_stm32f4/system.o
                0x0800aaa8                _init
 .text.svc_exe  0x0800aaac       0x10 build_arm_cortex_m4_base_application_stm32f4/system.o
                0x0800aaac                svc_exe
 .text.xputchar
                0x0800aabc       0x2c build_arm_cortex_m4_base_application_stm32f4/sys_cfg.o
 .text.sys_cfg_clock
                0x0800aae8       0x24 build_arm_cortex_m4_base_application_stm32f4/sys_cfg.o
                0x0800aae8                sys_cfg_clock
 .text.sys_cfg_tick
                0x0800ab0c       0x40 build_arm_cortex_m4_base_application_stm32f4/sys_cfg.o
                0x0800ab0c                sys_cfg_tick
 .text.sys_cfg_console
                0x0800ab4c       0xb8 build_arm_cortex_m4_base_application_stm32f4/sys_cfg.o
                0x0800ab4c                sys_cfg_console
 .text.sys_cfg_svc
                0x0800ac04       0x1c build_arm_cortex_m4_base_application_stm32f4/sys_cfg.o
                0x0800ac04                sys_cfg_svc
 .text.sys_cfg_pendsv
                0x0800ac20       0x1c build_arm_cortex_m4_base_application_stm32f4/sys_cfg.o
                0x0800ac20                sys_cfg_pendsv
 .text.sys_cfg_update_info
                0x0800ac3c      0x178 build_arm_cortex_m4_base_application_stm32f4/sys_cfg.o
                0x0800ac3c                sys_cfg_update_info
 .text.sys_ctrl_shell_put_char
                0x0800adb4       0x2c build_arm_cortex_m4_base_application_stm32f4/sys_cfg.o
                0x0800adb4                sys_ctrl_shell_put_char
 .text.sys_ctrl_shell_get_char
                0x0800ade0       0x40 build_arm_cortex_m4_base_application_stm32f4/sys_cfg.o
                0x0800ade0                sys_ctrl_shell_get_char
 .text.sys_ctrl_reset
                0x0800ae20       0x24 build_arm_cortex_m4_base_application_stm32f4/sys_cfg.o
                0x0800ae20                sys_ctrl_reset
 .text.sys_ctrl_delay_us
                0x0800ae44       0x28 build_arm_cortex_m4_base_application_stm32f4/sys_cfg.o
                0x0800ae44                sys_ctrl_delay_us
 .text.sys_ctrl_delay_ms
                0x0800ae6c       0x34 build_arm_cortex_m4_base_application_stm32f4/sys_cfg.o
                0x0800ae6c                sys_ctrl_delay_ms
 .text.sys_ctr_sleep_wait_for_irq
                0x0800aea0        0x4 build_arm_cortex_m4_base_application_stm32f4/sys_cfg.o
                0x0800aea0                sys_ctr_sleep_wait_for_irq
 .text.sys_cfg_restore_app
                0x0800aea4       0x38 build_arm_cortex_m4_base_application_stm32f4/sys_cfg.o
                0x0800aea4                sys_cfg_restore_app
 .text.sys_ctrl_independent_watchdog_reset
                0x0800aedc       0x14 build_arm_cortex_m4_base_application_stm32f4/sys_cfg.o
                0x0800aedc                sys_ctrl_independent_watchdog_reset
 .text.sys_ctrl_soft_watchdog_reset
                0x0800aef0       0x18 build_arm_cortex_m4_base_application_stm32f4/sys_cfg.o
                0x0800aef0                sys_ctrl_soft_watchdog_reset
 .text.sys_ctrl_get_firmware_info
                0x0800af08       0x44 build_arm_cortex_m4_base_application_stm32f4/sys_cfg.o
                0x0800af08                sys_ctrl_get_firmware_info
 .text.ak_irq_io_entry_trigger
                0x0800af4c        0x4 build_arm_cortex_m4_base_application_stm32f4/sys_cfg.o
                0x0800af4c                ak_irq_io_entry_trigger
 .text.ak_irq_io_exit_trigger
                0x0800af50        0x4 build_arm_cortex_m4_base_application_stm32f4/sys_cfg.o
                0x0800af50                ak_irq_io_exit_trigger
 .text.led_life_init
                0x0800af54       0x38 build_arm_cortex_m4_base_application_stm32f4/io_cfg.o
                0x0800af54                led_life_init
 .text.led_life_on
                0x0800af8c        0xc build_arm_cortex_m4_base_application_stm32f4/io_cfg.o
                0x0800af8c                led_life_on
 .text.led_life_off
                0x0800af98        0xc build_arm_cortex_m4_base_application_stm32f4/io_cfg.o
                0x0800af98                led_life_off
 .text.nrf24l01_io_ctrl_init
                0x0800afa4       0xc8 build_arm_cortex_m4_base_application_stm32f4/io_cfg.o
                0x0800afa4                nrf24l01_io_ctrl_init
 .text.nrf24l01_spi_ctrl_init
                0x0800b06c       0xd0 build_arm_cortex_m4_base_application_stm32f4/io_cfg.o
                0x0800b06c                nrf24l01_spi_ctrl_init
 .text.nrf24l01_ce_low
                0x0800b13c       0x10 build_arm_cortex_m4_base_application_stm32f4/io_cfg.o
                0x0800b13c                nrf24l01_ce_low
 .text.nrf24l01_ce_high
                0x0800b14c       0x10 build_arm_cortex_m4_base_application_stm32f4/io_cfg.o
                0x0800b14c                nrf24l01_ce_high
 .text.nrf24l01_csn_low
                0x0800b15c       0x10 build_arm_cortex_m4_base_application_stm32f4/io_cfg.o
                0x0800b15c                nrf24l01_csn_low
 .text.nrf24l01_csn_high
                0x0800b16c       0x10 build_arm_cortex_m4_base_application_stm32f4/io_cfg.o
                0x0800b16c                nrf24l01_csn_high
 .text.nrf24l01_spi_rw
                0x0800b17c       0x94 build_arm_cortex_m4_base_application_stm32f4/io_cfg.o
                0x0800b17c                nrf24l01_spi_rw
 .text.flash_cs_low
                0x0800b210        0xc build_arm_cortex_m4_base_application_stm32f4/io_cfg.o
                0x0800b210                flash_cs_low
 .text.flash_cs_high
                0x0800b21c        0xc build_arm_cortex_m4_base_application_stm32f4/io_cfg.o
                0x0800b21c                flash_cs_high
 .text.flash_transfer
                0x0800b228       0x94 build_arm_cortex_m4_base_application_stm32f4/io_cfg.o
                0x0800b228                flash_transfer
 .text.sht1x_clk_input_mode
                0x0800b2bc       0x38 build_arm_cortex_m4_base_application_stm32f4/io_cfg.o
                0x0800b2bc                sht1x_clk_input_mode
 .text.sht1x_clk_output_mode
                0x0800b2f4       0x38 build_arm_cortex_m4_base_application_stm32f4/io_cfg.o
                0x0800b2f4                sht1x_clk_output_mode
 .text.sht1x_clk_digital_write_low
                0x0800b32c       0x10 build_arm_cortex_m4_base_application_stm32f4/io_cfg.o
                0x0800b32c                sht1x_clk_digital_write_low
 .text.sht1x_clk_digital_write_high
                0x0800b33c       0x10 build_arm_cortex_m4_base_application_stm32f4/io_cfg.o
                0x0800b33c                sht1x_clk_digital_write_high
 .text.sht1x_data_input_mode
                0x0800b34c       0x38 build_arm_cortex_m4_base_application_stm32f4/io_cfg.o
                0x0800b34c                sht1x_data_input_mode
 .text.sht1x_data_output_mode
                0x0800b384       0x38 build_arm_cortex_m4_base_application_stm32f4/io_cfg.o
                0x0800b384                sht1x_data_output_mode
 .text.sht1x_data_digital_write_low
                0x0800b3bc       0x10 build_arm_cortex_m4_base_application_stm32f4/io_cfg.o
                0x0800b3bc                sht1x_data_digital_write_low
 .text.sht1x_data_digital_write_high
                0x0800b3cc       0x10 build_arm_cortex_m4_base_application_stm32f4/io_cfg.o
                0x0800b3cc                sht1x_data_digital_write_high
 .text.ds1302_ce_input_mode
                0x0800b3dc       0x34 build_arm_cortex_m4_base_application_stm32f4/io_cfg.o
                0x0800b3dc                ds1302_ce_input_mode
 .text.ds1302_ce_output_mode
                0x0800b410       0x34 build_arm_cortex_m4_base_application_stm32f4/io_cfg.o
                0x0800b410                ds1302_ce_output_mode
 .text.ds1302_ce_digital_write_low
                0x0800b444        0xc build_arm_cortex_m4_base_application_stm32f4/io_cfg.o
                0x0800b444                ds1302_ce_digital_write_low
 .text.ds1302_ce_digital_write_high
                0x0800b450        0xc build_arm_cortex_m4_base_application_stm32f4/io_cfg.o
                0x0800b450                ds1302_ce_digital_write_high
 .text.ds1302_clk_input_mode
                0x0800b45c       0x38 build_arm_cortex_m4_base_application_stm32f4/io_cfg.o
                0x0800b45c                ds1302_clk_input_mode
 .text.ds1302_clk_output_mode
                0x0800b494       0x38 build_arm_cortex_m4_base_application_stm32f4/io_cfg.o
                0x0800b494                ds1302_clk_output_mode
 .text.ds1302_clk_digital_write_low
                0x0800b4cc       0x10 build_arm_cortex_m4_base_application_stm32f4/io_cfg.o
                0x0800b4cc                ds1302_clk_digital_write_low
 .text.ds1302_clk_digital_write_high
                0x0800b4dc       0x10 build_arm_cortex_m4_base_application_stm32f4/io_cfg.o
                0x0800b4dc                ds1302_clk_digital_write_high
 .text.ds1302_data_input_mode
                0x0800b4ec       0x34 build_arm_cortex_m4_base_application_stm32f4/io_cfg.o
                0x0800b4ec                ds1302_data_input_mode
 .text.ds1302_data_output_mode
                0x0800b520       0x34 build_arm_cortex_m4_base_application_stm32f4/io_cfg.o
                0x0800b520                ds1302_data_output_mode
 .text.ds1302_data_digital_write_low
                0x0800b554        0xc build_arm_cortex_m4_base_application_stm32f4/io_cfg.o
                0x0800b554                ds1302_data_digital_write_low
 .text.ds1302_data_digital_write_high
                0x0800b560        0xc build_arm_cortex_m4_base_application_stm32f4/io_cfg.o
                0x0800b560                ds1302_data_digital_write_high
 .text.ssd1306_clk_input_mode
                0x0800b56c       0x38 build_arm_cortex_m4_base_application_stm32f4/io_cfg.o
                0x0800b56c                ssd1306_clk_input_mode
 .text.ssd1306_clk_output_mode
                0x0800b5a4       0x38 build_arm_cortex_m4_base_application_stm32f4/io_cfg.o
                0x0800b5a4                ssd1306_clk_output_mode
 .text.ssd1306_clk_digital_write_low
                0x0800b5dc       0x10 build_arm_cortex_m4_base_application_stm32f4/io_cfg.o
                0x0800b5dc                ssd1306_clk_digital_write_low
 .text.ssd1306_clk_digital_write_high
                0x0800b5ec       0x10 build_arm_cortex_m4_base_application_stm32f4/io_cfg.o
                0x0800b5ec                ssd1306_clk_digital_write_high
 .text.ssd1306_data_input_mode
                0x0800b5fc       0x38 build_arm_cortex_m4_base_application_stm32f4/io_cfg.o
                0x0800b5fc                ssd1306_data_input_mode
 .text.ssd1306_data_output_mode
                0x0800b634       0x38 build_arm_cortex_m4_base_application_stm32f4/io_cfg.o
                0x0800b634                ssd1306_data_output_mode
 .text.ssd1306_data_digital_write_low
                0x0800b66c       0x10 build_arm_cortex_m4_base_application_stm32f4/io_cfg.o
                0x0800b66c                ssd1306_data_digital_write_low
 .text.ssd1306_data_digital_write_high
                0x0800b67c       0x10 build_arm_cortex_m4_base_application_stm32f4/io_cfg.o
                0x0800b67c                ssd1306_data_digital_write_high
 .text.internal_flash_unlock
                0x0800b68c       0x10 build_arm_cortex_m4_base_application_stm32f4/io_cfg.o
                0x0800b68c                internal_flash_unlock
 .text.internal_flash_lock
                0x0800b69c        0x4 build_arm_cortex_m4_base_application_stm32f4/io_cfg.o
                0x0800b69c                internal_flash_lock
 .text.internal_flash_erase_pages_cal
                0x0800b6a0        0x4 build_arm_cortex_m4_base_application_stm32f4/io_cfg.o
                0x0800b6a0                internal_flash_erase_pages_cal
 .text.internal_flash_write_cal
                0x0800b6a4       0x2c build_arm_cortex_m4_base_application_stm32f4/io_cfg.o
                0x0800b6a4                internal_flash_write_cal
 .text.io_uart_interface_cfg
                0x0800b6d0       0xcc build_arm_cortex_m4_base_application_stm32f4/io_cfg.o
                0x0800b6d0                io_uart_interface_cfg
 .text.io_uart_interface_receiver
                0x0800b79c       0x2c build_arm_cortex_m4_base_application_stm32f4/io_cfg.o
                0x0800b79c                io_uart_interface_receiver
 .text.Encoder3_Tim5_Init
                0x0800b7c8       0xd0 build_arm_cortex_m4_base_application_stm32f4/io_cfg.o
                0x0800b7c8                Encoder3_Tim5_Init
 .text.ALL_ENCODER_INIT
                0x0800b898        0x4 build_arm_cortex_m4_base_application_stm32f4/io_cfg.o
                0x0800b898                ALL_ENCODER_INIT
 *fill*         0x0800b89c        0x4 
 .text.ENCODER_Read_Release
                0x0800b8a0       0x54 build_arm_cortex_m4_base_application_stm32f4/io_cfg.o
                0x0800b8a0                ENCODER_Read_Release
 .text.timer4_config
                0x0800b8f4       0x94 build_arm_cortex_m4_base_application_stm32f4/io_cfg.o
                0x0800b8f4                timer4_config
 .text.ALL_GPIO_INIT
                0x0800b988       0x34 build_arm_cortex_m4_base_application_stm32f4/io_cfg.o
                0x0800b988                ALL_GPIO_INIT
 .text.ALL_PWM_INIT
                0x0800b9bc       0x38 build_arm_cortex_m4_base_application_stm32f4/io_cfg.o
                0x0800b9bc                ALL_PWM_INIT
 .text.Turn_Release
                0x0800b9f4      0x124 build_arm_cortex_m4_base_application_stm32f4/io_cfg.o
                0x0800b9f4                Turn_Release
 .text.SystemInit
                0x0800bb18       0xf4 build_arm_cortex_m4_base_application_stm32f4/system_stm32f4xx.o
                0x0800bb18                SystemInit
 .text.SystemCoreClockUpdate
                0x0800bc0c       0x78 build_arm_cortex_m4_base_application_stm32f4/system_stm32f4xx.o
                0x0800bc0c                SystemCoreClockUpdate
 .text.main_app
                0x0800bc84       0x70 build_arm_cortex_m4_base_application_stm32f4/app.o
                0x0800bc84                main_app
 .text.sys_irq_timer_10ms
                0x0800bcf4        0x4 build_arm_cortex_m4_base_application_stm32f4/app.o
                0x0800bcf4                sys_irq_timer_10ms
 .text.rf_printf
                0x0800bcf8        0x4 build_arm_cortex_m4_base_application_stm32f4/rf_remote_ctrl.o
                0x0800bcf8                rf_printf
 .text._ZL9shell_epiPh
                0x0800bcfc        0x4 build_arm_cortex_m4_base_application_stm32f4/shell.o
 .text._ZL9shell_psvPh
                0x0800bd00       0x14 build_arm_cortex_m4_base_application_stm32f4/shell.o
 .text._ZL10shell_helpPh
                0x0800bd14       0x30 build_arm_cortex_m4_base_application_stm32f4/shell.o
 .text._ZL9shell_svcPh
                0x0800bd44       0x10 build_arm_cortex_m4_base_application_stm32f4/shell.o
 .text._ZL9shell_fwuPh
                0x0800bd54       0x34 build_arm_cortex_m4_base_application_stm32f4/shell.o
 .text._ZL12shell_rebootPh
                0x0800bd88        0xc build_arm_cortex_m4_base_application_stm32f4/shell.o
 .text._ZL11shell_resetPh
                0x0800bd94       0x10 build_arm_cortex_m4_base_application_stm32f4/shell.o
 .text._ZL9shell_epsPh
                0x0800bda4       0xe4 build_arm_cortex_m4_base_application_stm32f4/shell.o
 .text._ZL9shell_sttPh
                0x0800be88       0x34 build_arm_cortex_m4_base_application_stm32f4/shell.o
 .text._ZL11shell_fatalPh
                0x0800bebc      0x390 build_arm_cortex_m4_base_application_stm32f4/shell.o
 .text._ZL9shell_verPh
                0x0800c24c       0x50 build_arm_cortex_m4_base_application_stm32f4/shell.o
 .text._ZL9shell_dbgPh
                0x0800c29c       0x94 build_arm_cortex_m4_base_application_stm32f4/shell.o
 .text._ZL10shell_bootPh
                0x0800c330       0xec build_arm_cortex_m4_base_application_stm32f4/shell.o
 .text._ZL11shell_flashPh
                0x0800c41c       0xac build_arm_cortex_m4_base_application_stm32f4/shell.o
 .text._ZL9shell_ramPh
                0x0800c4c8      0x30c build_arm_cortex_m4_base_application_stm32f4/shell.o
 .text._ZL9shell_lcdPh
                0x0800c7d4      0x10c build_arm_cortex_m4_base_application_stm32f4/shell.o
 .text.sys_irq_shell
                0x0800c8e0       0x84 build_arm_cortex_m4_base_application_stm32f4/task_shell.o
                0x0800c8e0                sys_irq_shell
 .text._Z10task_shellP8ak_msg_t
                0x0800c964       0xb0 build_arm_cortex_m4_base_application_stm32f4/task_shell.o
                0x0800c964                task_shell(ak_msg_t*)
 .text._Z9task_lifeP8ak_msg_t
                0x0800ca14       0x14 build_arm_cortex_m4_base_application_stm32f4/task_life.o
                0x0800ca14                task_life(ak_msg_t*)
 .text._Z7task_fwP8ak_msg_t
                0x0800ca28      0x3ec build_arm_cortex_m4_base_application_stm32f4/task_fw.o
                0x0800ca28                task_fw(ak_msg_t*)
 .text._Z12task_displayP8ak_msg_t
                0x0800ce14       0xd8 build_arm_cortex_m4_base_application_stm32f4/task_display.o
                0x0800ce14                task_display(ak_msg_t*)
 .text._Z7task_ifP8ak_msg_t
                0x0800ceec       0x9c build_arm_cortex_m4_base_application_stm32f4/task_if.o
                0x0800ceec                task_if(ak_msg_t*)
 .text._Z12task_rf24_ifP8ak_msg_t
                0x0800cf88       0x98 build_arm_cortex_m4_base_application_stm32f4/task_rf24_if.o
                0x0800cf88                task_rf24_if(ak_msg_t*)
 .text.sys_irq_uart_cpu_serial_if
                0x0800d020      0x2a4 build_arm_cortex_m4_base_application_stm32f4/task_uart_if.o
                0x0800d020                sys_irq_uart_cpu_serial_if
 .text._Z12task_uart_ifP8ak_msg_t
                0x0800d2c4      0x2b0 build_arm_cortex_m4_base_application_stm32f4/task_uart_if.o
                0x0800d2c4                task_uart_if(ak_msg_t*)
 .text._Z15rx_frame_parserh
                0x0800d574      0x2ac build_arm_cortex_m4_base_application_stm32f4/task_uart_if.o
                0x0800d574                rx_frame_parser(unsigned char)
 .text._Z8task_dbgP8ak_msg_t
                0x0800d820      0x12c build_arm_cortex_m4_base_application_stm32f4/task_dbg.o
                0x0800d820                task_dbg(ak_msg_t*)
 .text._Z16task_encoder_pidP8ak_msg_t
                0x0800d94c      0x14c build_arm_cortex_m4_base_application_stm32f4/task_encoder_pid.o
                0x0800d94c                task_encoder_pid(ak_msg_t*)
 .text.startup._GLOBAL__sub_I_view_render
                0x0800da98        0xc build_arm_cortex_m4_base_application_stm32f4/view_render.o
 .text.exit._GLOBAL__sub_D_view_render
                0x0800daa4        0xc build_arm_cortex_m4_base_application_stm32f4/view_render.o
 .text._ZN12Adafruit_GFX8drawLineEsssst
                0x0800dab0      0x114 build_arm_cortex_m4_base_application_stm32f4/Adafruit_GFX.o
                0x0800dab0                Adafruit_GFX::drawLine(short, short, short, short, unsigned short)
 .text._ZN12Adafruit_GFX13invertDisplayEb
                0x0800dbc4        0x4 build_arm_cortex_m4_base_application_stm32f4/Adafruit_GFX.o
                0x0800dbc4                Adafruit_GFX::invertDisplay(bool)
 .text._ZN12Adafruit_GFX8fillRectEsssst
                0x0800dbc8      0x184 build_arm_cortex_m4_base_application_stm32f4/Adafruit_GFX.o
                0x0800dbc8                Adafruit_GFX::fillRect(short, short, short, short, unsigned short)
 .text._ZN12Adafruit_GFX10fillScreenEt
                0x0800dd4c      0x1ac build_arm_cortex_m4_base_application_stm32f4/Adafruit_GFX.o
                0x0800dd4c                Adafruit_GFX::fillScreen(unsigned short)
 .text._ZN12Adafruit_GFX13drawFastVLineEssst
                0x0800def8       0xfc build_arm_cortex_m4_base_application_stm32f4/Adafruit_GFX.o
                0x0800def8                Adafruit_GFX::drawFastVLine(short, short, short, unsigned short)
 .text._ZN12Adafruit_GFX13drawFastHLineEssst
                0x0800dff4       0x94 build_arm_cortex_m4_base_application_stm32f4/Adafruit_GFX.o
                0x0800dff4                Adafruit_GFX::drawFastHLine(short, short, short, unsigned short)
 .text._ZN12Adafruit_GFX8drawRectEsssst
                0x0800e088      0x434 build_arm_cortex_m4_base_application_stm32f4/Adafruit_GFX.o
                0x0800e088                Adafruit_GFX::drawRect(short, short, short, short, unsigned short)
 .text._ZN12Adafruit_GFXC2Ess
                0x0800e4bc       0x30 build_arm_cortex_m4_base_application_stm32f4/Adafruit_GFX.o
                0x0800e4bc                Adafruit_GFX::Adafruit_GFX(short, short)
                0x0800e4bc                Adafruit_GFX::Adafruit_GFX(short, short)
 .text._ZN12Adafruit_GFX8drawCharEsshtth
                0x0800e4ec      0x4d0 build_arm_cortex_m4_base_application_stm32f4/Adafruit_GFX.o
                0x0800e4ec                Adafruit_GFX::drawChar(short, short, unsigned char, unsigned short, unsigned short, unsigned char)
 .text._ZN12Adafruit_GFX5writeEh
                0x0800e9bc       0x74 build_arm_cortex_m4_base_application_stm32f4/Adafruit_GFX.o
                0x0800e9bc                Adafruit_GFX::write(unsigned char)
 .text._ZN12Adafruit_GFX9setCursorEss
                0x0800ea30        0x8 build_arm_cortex_m4_base_application_stm32f4/Adafruit_GFX.o
                0x0800ea30                Adafruit_GFX::setCursor(short, short)
 .text._ZN12Adafruit_GFX11setTextSizeEh
                0x0800ea38        0xc build_arm_cortex_m4_base_application_stm32f4/Adafruit_GFX.o
                0x0800ea38                Adafruit_GFX::setTextSize(unsigned char)
 .text._ZN12Adafruit_GFX12setTextColorEt
                0x0800ea44        0x8 build_arm_cortex_m4_base_application_stm32f4/Adafruit_GFX.o
                0x0800ea44                Adafruit_GFX::setTextColor(unsigned short)
 .text._ZN12Adafruit_GFX5widthEv
                0x0800ea4c        0x8 build_arm_cortex_m4_base_application_stm32f4/Adafruit_GFX.o
                0x0800ea4c                Adafruit_GFX::width()
 .text._ZN12Adafruit_GFX6heightEv
                0x0800ea54        0x8 build_arm_cortex_m4_base_application_stm32f4/Adafruit_GFX.o
                0x0800ea54                Adafruit_GFX::height()
 .text._ZN19Adafruit_ssd1306syp9drawPixelEsst
                0x0800ea5c       0x7c build_arm_cortex_m4_base_application_stm32f4/Adafruit_ssd1306syp.o
                0x0800ea5c                Adafruit_ssd1306syp::drawPixel(short, short, unsigned short)
 .text._ZN19Adafruit_ssd1306syp9updateRowEii
                0x0800ead8      0x36c build_arm_cortex_m4_base_application_stm32f4/Adafruit_ssd1306syp.o
                0x0800ead8                Adafruit_ssd1306syp::updateRow(int, int)
 .text._ZN19Adafruit_ssd1306syp6updateEv
                0x0800ee44      0x4cc build_arm_cortex_m4_base_application_stm32f4/Adafruit_ssd1306syp.o
                0x0800ee44                Adafruit_ssd1306syp::update()
 .text._ZN19Adafruit_ssd1306syp9updateRowEi
                0x0800f310      0x32c build_arm_cortex_m4_base_application_stm32f4/Adafruit_ssd1306syp.o
                0x0800f310                Adafruit_ssd1306syp::updateRow(int)
 .text._ZN19Adafruit_ssd1306sypC2Ev
                0x0800f63c       0x24 build_arm_cortex_m4_base_application_stm32f4/Adafruit_ssd1306syp.o
                0x0800f63c                Adafruit_ssd1306syp::Adafruit_ssd1306syp()
                0x0800f63c                Adafruit_ssd1306syp::Adafruit_ssd1306syp()
 .text._ZN19Adafruit_ssd1306sypD2Ev
                0x0800f660        0x4 build_arm_cortex_m4_base_application_stm32f4/Adafruit_ssd1306syp.o
                0x0800f660                Adafruit_ssd1306syp::~Adafruit_ssd1306syp()
                0x0800f660                Adafruit_ssd1306syp::~Adafruit_ssd1306syp()
 .text._ZN19Adafruit_ssd1306syp5clearEb
                0x0800f664       0x24 build_arm_cortex_m4_base_application_stm32f4/Adafruit_ssd1306syp.o
                0x0800f664                Adafruit_ssd1306syp::clear(bool)
 .text._ZN19Adafruit_ssd1306syp12writeCommandEh
                0x0800f688      0x130 build_arm_cortex_m4_base_application_stm32f4/Adafruit_ssd1306syp.o
                0x0800f688                Adafruit_ssd1306syp::writeCommand(unsigned char)
 .text._ZN19Adafruit_ssd1306syp10initializeEv
                0x0800f7b8      0x104 build_arm_cortex_m4_base_application_stm32f4/Adafruit_ssd1306syp.o
                0x0800f7b8                Adafruit_ssd1306syp::initialize()
 .text._ZN19Adafruit_ssd1306syp10display_onEv
                0x0800f8bc        0x8 build_arm_cortex_m4_base_application_stm32f4/Adafruit_ssd1306syp.o
                0x0800f8bc                Adafruit_ssd1306syp::display_on()
 .text._ZN19Adafruit_ssd1306syp11display_offEv
                0x0800f8c4        0x8 build_arm_cortex_m4_base_application_stm32f4/Adafruit_ssd1306syp.o
                0x0800f8c4                Adafruit_ssd1306syp::display_off()
 .text.eeprom_read
                0x0800f8cc        0x4 build_arm_cortex_m4_base_application_stm32f4/eeprom.o
                0x0800f8cc                eeprom_read
 .text.eeprom_erase
                0x0800f8d0        0x4 build_arm_cortex_m4_base_application_stm32f4/eeprom.o
                0x0800f8d0                eeprom_erase
 .text._Z16nrf_nwk_pdu_initv
                0x0800f8d4       0x40 build_arm_cortex_m4_base_application_stm32f4/nrf_data.o
                0x0800f8d4                nrf_nwk_pdu_init()
 .text._Z18nrf_nwk_pdu_mallocv
                0x0800f914       0x34 build_arm_cortex_m4_base_application_stm32f4/nrf_data.o
                0x0800f914                nrf_nwk_pdu_malloc()
 .text._Z16nrf_nwk_pdu_freeP13nrf_nwk_pdu_t
                0x0800f948       0x20 build_arm_cortex_m4_base_application_stm32f4/nrf_data.o
                0x0800f948                nrf_nwk_pdu_free(nrf_nwk_pdu_t*)
 .text._Z15nrf_nwk_pdu_getm
                0x0800f968       0x10 build_arm_cortex_m4_base_application_stm32f4/nrf_data.o
                0x0800f968                nrf_nwk_pdu_get(unsigned long)
 .text._Z16nrf_nwk_pdu_freem
                0x0800f978       0x4c build_arm_cortex_m4_base_application_stm32f4/nrf_data.o
                0x0800f978                nrf_nwk_pdu_free(unsigned long)
 .text._Z23nrf_set_static_nwk_addrt
                0x0800f9c4       0x10 build_arm_cortex_m4_base_application_stm32f4/nrf_data.o
                0x0800f9c4                nrf_set_static_nwk_addr(unsigned short)
 .text._Z23nrf_get_static_nwk_addrv
                0x0800f9d4       0x1c build_arm_cortex_m4_base_application_stm32f4/nrf_data.o
                0x0800f9d4                nrf_get_static_nwk_addr()
 .text._Z20nrf_set_des_nwk_addrt
                0x0800f9f0       0x10 build_arm_cortex_m4_base_application_stm32f4/nrf_data.o
                0x0800f9f0                nrf_set_des_nwk_addr(unsigned short)
 .text._Z20nrf_get_des_nwk_addrv
                0x0800fa00       0x1c build_arm_cortex_m4_base_application_stm32f4/nrf_data.o
                0x0800fa00                nrf_get_des_nwk_addr()
 .text._Z20nrf_get_des_phy_addrv
                0x0800fa1c        0x8 build_arm_cortex_m4_base_application_stm32f4/nrf_data.o
                0x0800fa1c                nrf_get_des_phy_addr()
 .text._Z20nrf_get_src_phy_addrv
                0x0800fa24        0x8 build_arm_cortex_m4_base_application_stm32f4/nrf_data.o
                0x0800fa24                nrf_get_src_phy_addr()
 .text._Z13task_rf24_macP8ak_msg_t
                0x0800fa2c      0x498 build_arm_cortex_m4_base_application_stm32f4/nrf_mac.o
                0x0800fa2c                task_rf24_mac(ak_msg_t*)
 .text._Z16nrf_nwk_fsm_idleP8ak_msg_t
                0x0800fec4      0x1cc build_arm_cortex_m4_base_application_stm32f4/nrf_nwk.o
                0x0800fec4                nrf_nwk_fsm_idle(ak_msg_t*)
 .text._Z13task_rf24_nwkP8ak_msg_t
                0x08010090        0xc build_arm_cortex_m4_base_application_stm32f4/nrf_nwk.o
                0x08010090                task_rf24_nwk(ak_msg_t*)
 .text._Z16nrf_nwk_fsm_initP8ak_msg_t
                0x0801009c       0x2c build_arm_cortex_m4_base_application_stm32f4/nrf_nwk.o
                0x0801009c                nrf_nwk_fsm_init(ak_msg_t*)
 .text._Z13task_rf24_phyP8ak_msg_t
                0x080100c8      0x17c build_arm_cortex_m4_base_application_stm32f4/nrf_phy.o
                0x080100c8                task_rf24_phy(ak_msg_t*)
 .text._Z23nrf_phy_switch_ptx_modev
                0x08010244       0x1c build_arm_cortex_m4_base_application_stm32f4/nrf_phy.o
                0x08010244                nrf_phy_switch_ptx_mode()
 .text._Z23nrf_phy_switch_prx_modev
                0x08010260       0x28 build_arm_cortex_m4_base_application_stm32f4/nrf_phy.o
                0x08010260                nrf_phy_switch_prx_mode()
 .text.startup._GLOBAL__sub_I__ZN8SPIClassC2Ev
                0x08010288       0x10 build_arm_cortex_m4_base_application_stm32f4/SPI.o
 .text._Z7pinModehh
                0x08010298       0xe8 build_arm_cortex_m4_base_application_stm32f4/wiring_digital.o
                0x08010298                pinMode(unsigned char, unsigned char)
 .text._Z12digitalWritehh
                0x08010380       0xd4 build_arm_cortex_m4_base_application_stm32f4/wiring_digital.o
                0x08010380                digitalWrite(unsigned char, unsigned char)
 .text._ZN5Print5writeEPKhj
                0x08010454       0x28 build_arm_cortex_m4_base_application_stm32f4/Print.o
                0x08010454                Print::write(unsigned char const*, unsigned int)
 .text._ZN5Print5printEPKc
                0x0801047c       0x60 build_arm_cortex_m4_base_application_stm32f4/Print.o
                0x0801047c                Print::print(char const*)
 .text.__cxa_pure_virtual
                0x080104dc       0x18 build_arm_cortex_m4_base_application_stm32f4/mini_cpp.o
                0x080104dc                __cxa_pure_virtual
 .text._sbrk    0x080104f4       0x1c build_arm_cortex_m4_base_application_stm32f4/mini_cpp.o
                0x080104f4                _sbrk
 .text.malloc   0x08010510       0x10 /home/covv/workspace/tools/gcc-arm-none-eabi-5_4-2016q3/arm-none-eabi/lib/armv7-m/libc.a(lib_a-malloc.o)
                0x08010510                malloc
 .text.free     0x08010520       0x10 /home/covv/workspace/tools/gcc-arm-none-eabi-5_4-2016q3/arm-none-eabi/lib/armv7-m/libc.a(lib_a-malloc.o)
                0x08010520                free
 .text._malloc_r
                0x08010530      0x558 /home/covv/workspace/tools/gcc-arm-none-eabi-5_4-2016q3/arm-none-eabi/lib/armv7-m/libc.a(lib_a-mallocr.o)
                0x08010530                _malloc_r
 .text.memcmp   0x08010a88       0x64 /home/covv/workspace/tools/gcc-arm-none-eabi-5_4-2016q3/arm-none-eabi/lib/armv7-m/libc.a(lib_a-memcmp.o)
                0x08010a88                memcmp
 .text.memset   0x08010aec       0x9c /home/covv/workspace/tools/gcc-arm-none-eabi-5_4-2016q3/arm-none-eabi/lib/armv7-m/libc.a(lib_a-memset.o)
                0x08010aec                memset
 .text.__malloc_lock
                0x08010b88        0x4 /home/covv/workspace/tools/gcc-arm-none-eabi-5_4-2016q3/arm-none-eabi/lib/armv7-m/libc.a(lib_a-mlock.o)
                0x08010b88                __malloc_lock
 .text.__malloc_unlock
                0x08010b8c        0x4 /home/covv/workspace/tools/gcc-arm-none-eabi-5_4-2016q3/arm-none-eabi/lib/armv7-m/libc.a(lib_a-mlock.o)
                0x08010b8c                __malloc_unlock
 .text.rand     0x08010b90       0x40 /home/covv/workspace/tools/gcc-arm-none-eabi-5_4-2016q3/arm-none-eabi/lib/armv7-m/libc.a(lib_a-rand.o)
                0x08010b90                rand
 .text._sbrk_r  0x08010bd0       0x24 /home/covv/workspace/tools/gcc-arm-none-eabi-5_4-2016q3/arm-none-eabi/lib/armv7-m/libc.a(lib_a-sbrkr.o)
                0x08010bd0                _sbrk_r
 .text.strcpy   0x08010bf4       0xbc /home/covv/workspace/tools/gcc-arm-none-eabi-5_4-2016q3/arm-none-eabi/lib/armv7-m/libc.a(lib_a-strcpy.o)
                0x08010bf4                strcpy
 .text.strlen   0x08010cb0       0x5c /home/covv/workspace/tools/gcc-arm-none-eabi-5_4-2016q3/arm-none-eabi/lib/armv7-m/libc.a(lib_a-strlen-stub.o)
                0x08010cb0                strlen
 .text._strtol_l.isra.0
                0x08010d0c      0x138 /home/covv/workspace/tools/gcc-arm-none-eabi-5_4-2016q3/arm-none-eabi/lib/armv7-m/libc.a(lib_a-strtol.o)
 .text.strtol   0x08010e44       0x2c /home/covv/workspace/tools/gcc-arm-none-eabi-5_4-2016q3/arm-none-eabi/lib/armv7-m/libc.a(lib_a-strtol.o)
                0x08010e44                strtol
 .text._malloc_trim_r
                0x08010e70       0x9c /home/covv/workspace/tools/gcc-arm-none-eabi-5_4-2016q3/arm-none-eabi/lib/armv7-m/libc.a(lib_a-freer.o)
                0x08010e70                _malloc_trim_r
 .text._free_r  0x08010f0c      0x1d0 /home/covv/workspace/tools/gcc-arm-none-eabi-5_4-2016q3/arm-none-eabi/lib/armv7-m/libc.a(lib_a-freer.o)
                0x08010f0c                _free_r
 .text.__locale_ctype_ptr_l
                0x080110dc        0x8 /home/covv/workspace/tools/gcc-arm-none-eabi-5_4-2016q3/arm-none-eabi/lib/armv7-m/libc.a(lib_a-locale.o)
                0x080110dc                __locale_ctype_ptr_l
 .text.__ascii_mbtowc
                0x080110e4       0x2c /home/covv/workspace/tools/gcc-arm-none-eabi-5_4-2016q3/arm-none-eabi/lib/armv7-m/libc.a(lib_a-mbtowc_r.o)
                0x080110e4                __ascii_mbtowc
 .text.__ascii_wctomb
                0x08011110       0x1c /home/covv/workspace/tools/gcc-arm-none-eabi-5_4-2016q3/arm-none-eabi/lib/armv7-m/libc.a(lib_a-wctomb_r.o)
                0x08011110                __ascii_wctomb
 *(.rodata)
 *(.rodata*)
 .rodata.str1.4
                0x0801112c       0x59 build_arm_cortex_m4_base_application_stm32f4/message.o
 *fill*         0x08011185        0x3 
 .rodata.log2lkup.5221
                0x08011188      0x100 build_arm_cortex_m4_base_application_stm32f4/task.o
 .rodata.str1.4
                0x08011288       0x1e build_arm_cortex_m4_base_application_stm32f4/task.o
 *fill*         0x080112a6        0x2 
 .rodata.str1.4
                0x080112a8        0x3 build_arm_cortex_m4_base_application_stm32f4/timer.o
 *fill*         0x080112ab        0x1 
 .rodata.str1.4
                0x080112ac       0x20 build_arm_cortex_m4_base_application_stm32f4/fifo.o
 .rodata.str1.4
                0x080112cc        0xc build_arm_cortex_m4_base_application_stm32f4/tm_stm32f4_fatfs.o
 .rodata.str1.4
                0x080112d8      0x11d build_arm_cortex_m4_base_application_stm32f4/sys_dbg.o
 *fill*         0x080113f5        0x3 
 .rodata.str.4709
                0x080113f8       0x24 build_arm_cortex_m4_base_application_stm32f4/ff.o
 .rodata.ExCvt  0x0801141c       0x80 build_arm_cortex_m4_base_application_stm32f4/ff.o
 .rodata.str1.4
                0x0801149c       0x9a build_arm_cortex_m4_base_application_stm32f4/ff.o
 *fill*         0x08011536        0x2 
 .rodata.LfnOfs
                0x08011538        0xd build_arm_cortex_m4_base_application_stm32f4/ff.o
 *fill*         0x08011545        0x3 
 .rodata.str1.4
                0x08011548      0x223 build_arm_cortex_m4_base_application_stm32f4/fatfs_sd_sdio.o
 *fill*         0x0801176b        0x1 
 .rodata.tbl_lower.4247
                0x0801176c      0x1e0 build_arm_cortex_m4_base_application_stm32f4/unicode.o
 .rodata.Tbl    0x0801194c      0x100 build_arm_cortex_m4_base_application_stm32f4/unicode.o
 .rodata.tbl_upper.4248
                0x08011a4c      0x1e0 build_arm_cortex_m4_base_application_stm32f4/unicode.o
 .rodata.str1.4
                0x08011c2c        0x4 build_arm_cortex_m4_base_application_stm32f4/stm32f4.o
 .rodata.str1.4
                0x08011c30       0x20 build_arm_cortex_m4_base_application_stm32f4/system.o
 .rodata.str1.4
                0x08011c50      0x161 build_arm_cortex_m4_base_application_stm32f4/sys_cfg.o
                                0x169 (size before relaxing)
 *fill*         0x08011db1        0x3 
 .rodata.str1.4
                0x08011db4        0x4 build_arm_cortex_m4_base_application_stm32f4/io_cfg.o
 .rodata.str1.4
                0x08011db8        0x6 build_arm_cortex_m4_base_application_stm32f4/app.o
 *fill*         0x08011dbe        0x2 
 .rodata.str1.4
                0x08011dc0      0x72c build_arm_cortex_m4_base_application_stm32f4/shell.o
                                0x740 (size before relaxing)
 .rodata.str1.4
                0x080124ec       0x4e build_arm_cortex_m4_base_application_stm32f4/task_shell.o
 .rodata.str1.4
                0x0801253a       0x4e build_arm_cortex_m4_base_application_stm32f4/task_display.o
 *fill*         0x0801253a        0x2 
 .rodata.str1.4
                0x0801253c        0x8 build_arm_cortex_m4_base_application_stm32f4/task_uart_if.o
 .rodata.str1.4
                0x08012544       0x8f build_arm_cortex_m4_base_application_stm32f4/task_dbg.o
                                 0x93 (size before relaxing)
 *fill*         0x080125d3        0x1 
 .rodata.str1.4
                0x080125d4       0xba build_arm_cortex_m4_base_application_stm32f4/task_encoder_pid.o
 *fill*         0x0801268e        0x2 
 .rodata._ZTV12Adafruit_GFX
                0x08012690       0x30 build_arm_cortex_m4_base_application_stm32f4/Adafruit_GFX.o
                0x08012690                vtable for Adafruit_GFX
 .rodata._ZL4font
                0x080126c0      0x4fb build_arm_cortex_m4_base_application_stm32f4/Adafruit_GFX.o
 *fill*         0x08012bbb        0x1 
 .rodata._ZTV19Adafruit_ssd1306syp
                0x08012bbc       0x40 build_arm_cortex_m4_base_application_stm32f4/Adafruit_ssd1306syp.o
                0x08012bbc                vtable for Adafruit_ssd1306syp
 .rodata.str1.4
                0x08012bfc        0x8 build_arm_cortex_m4_base_application_stm32f4/nrf_data.o
 .rodata.str1.4
                0x08012c04        0x4 build_arm_cortex_m4_base_application_stm32f4/nrf_nwk.o
 .rodata.str1.4
                0x08012c08        0x3 build_arm_cortex_m4_base_application_stm32f4/wiring_digital.o
 *fill*         0x08012c0b        0x1 
 .rodata.str1.4
                0x08012c0c        0x4 build_arm_cortex_m4_base_application_stm32f4/mini_cpp.o
 .rodata.str1.4
                0x08012c10       0x10 /home/covv/workspace/tools/gcc-arm-none-eabi-5_4-2016q3/arm-none-eabi/lib/armv7-m/libc.a(lib_a-locale.o)
                                 0x12 (size before relaxing)
 .rodata._ctype_
                0x08012c20      0x101 /home/covv/workspace/tools/gcc-arm-none-eabi-5_4-2016q3/arm-none-eabi/lib/armv7-m/libc.a(lib_a-ctype_.o)
                0x08012c20                _ctype_
 *(.glue_7)
 .glue_7        0x08012d21        0x0 linker stubs
 *(.glue_7t)
 .glue_7t       0x08012d21        0x0 linker stubs
 *(.init)
 *(.fini)
                0x08012d24                . = ALIGN (0x4)
 *fill*         0x08012d21        0x3 
                0x08012d24                _etext = .

.vfp11_veneer   0x08012d24        0x0
 .vfp11_veneer  0x08012d24        0x0 linker stubs

.v4_bx          0x08012d24        0x0
 .v4_bx         0x08012d24        0x0 linker stubs

.iplt           0x08012d24        0x0
 .iplt          0x08012d24        0x0 build_arm_cortex_m4_base_application_stm32f4/message.o

.rel.dyn        0x08012d24        0x0
 .rel.iplt      0x08012d24        0x0 build_arm_cortex_m4_base_application_stm32f4/message.o

.preinit_array  0x08012d24        0x0
                0x08012d24                PROVIDE (__preinit_array_start, .)
 *(SORT(.preinit_array.*))
 *(.preinit_array*)
                0x08012d24                PROVIDE (__preinit_array_end, .)

.init_array     0x08012d24        0x8
                0x08012d24                PROVIDE (__init_array_start, .)
 *(SORT(.init_array.*))
 *(.init_array*)
 .init_array    0x08012d24        0x4 build_arm_cortex_m4_base_application_stm32f4/view_render.o
 .init_array    0x08012d28        0x4 build_arm_cortex_m4_base_application_stm32f4/SPI.o
                0x08012d2c                PROVIDE (__init_array_end, .)

.fini_array     0x08012d2c        0x4
                [!provide]                PROVIDE (__fini_array_start, .)
 *(.fini_array*)
 .fini_array    0x08012d2c        0x4 build_arm_cortex_m4_base_application_stm32f4/view_render.o
 *(SORT(.fini_array.*))
                [!provide]                PROVIDE (__fini_array_end, .)

.end_flash      0x08012d30        0x0
                0x08012d30                _end_flash = .

.start_ram      0x20000000        0x0
                0x20000000                _start_ram = .

.data           0x20000000      0xbe0 load address 0x08012d30
                0x20000000                _data = .
                0x08012d30                _ldata = LOADADDR (.data)
 *(vtable)
 *(.data)
 *(.data*)
 .data.APBAHBPrescTable
                0x20000000       0x10 build_arm_cortex_m4_base_application_stm32f4/stm32f4xx_rcc.o
 .data.FATFS_LowLevelDrivers
                0x20000010       0xb4 build_arm_cortex_m4_base_application_stm32f4/diskio.o
                0x20000010                FATFS_LowLevelDrivers
 .data.TM_FATFS_SD_SDIO_Stat
                0x200000c4        0x1 build_arm_cortex_m4_base_application_stm32f4/fatfs_sd_sdio.o
 *fill*         0x200000c5        0x3 
 .data.sp_restart_app
                0x200000c8        0x4 build_arm_cortex_m4_base_application_stm32f4/system.o
                0x200000c8                sp_restart_app
 .data.AHBPrescTable
                0x200000cc       0x10 build_arm_cortex_m4_base_application_stm32f4/system_stm32f4xx.o
                0x200000cc                AHBPrescTable
 .data.SystemCoreClock
                0x200000dc        0x4 build_arm_cortex_m4_base_application_stm32f4/system_stm32f4xx.o
                0x200000dc                SystemCoreClock
 .data.app_version
                0x200000e0        0x4 build_arm_cortex_m4_base_application_stm32f4/app.o
                0x200000e0                app_version
 .data.lgn_cmd_table
                0x200000e4       0xcc build_arm_cortex_m4_base_application_stm32f4/shell.o
                0x200000e4                lgn_cmd_table
 .data.app_task_table
                0x200001b0       0x70 build_arm_cortex_m4_base_application_stm32f4/task_list.o
                0x200001b0                app_task_table
 .data.pid_time
                0x20000220        0x4 build_arm_cortex_m4_base_application_stm32f4/task_encoder_pid.o
                0x20000220                pid_time
 .data._ZL12mac_src_addr
                0x20000224        0x5 build_arm_cortex_m4_base_application_stm32f4/nrf_data.o
 *fill*         0x20000229        0x3 
 .data._ZL12mac_des_addr
                0x2000022c        0x5 build_arm_cortex_m4_base_application_stm32f4/nrf_data.o
 *fill*         0x20000231        0x3 
 .data.__malloc_av_
                0x20000234      0x408 /home/covv/workspace/tools/gcc-arm-none-eabi-5_4-2016q3/arm-none-eabi/lib/armv7-m/libc.a(lib_a-mallocr.o)
                0x20000234                __malloc_av_
 .data.__malloc_trim_threshold
                0x2000063c        0x4 /home/covv/workspace/tools/gcc-arm-none-eabi-5_4-2016q3/arm-none-eabi/lib/armv7-m/libc.a(lib_a-mallocr.o)
                0x2000063c                __malloc_trim_threshold
 .data.__malloc_sbrk_base
                0x20000640        0x4 /home/covv/workspace/tools/gcc-arm-none-eabi-5_4-2016q3/arm-none-eabi/lib/armv7-m/libc.a(lib_a-mallocr.o)
                0x20000640                __malloc_sbrk_base
 *fill*         0x20000644        0x4 
 .data.impure_data
                0x20000648      0x428 /home/covv/workspace/tools/gcc-arm-none-eabi-5_4-2016q3/arm-none-eabi/lib/armv7-m/libc.a(lib_a-impure.o)
 .data._impure_ptr