stm32f4xx_it.c:62:6:NMI_Handler	0	static
stm32f4xx_it.c:76:6:HardFault_Handler	0	static
stm32f4xx_it.c:94:6:MemManage_Handler	0	static
stm32f4xx_it.c:112:6:BusFault_Handler	0	static
stm32f4xx_it.c:130:6:UsageFault_Handler	0	static
stm32f4xx_it.c:148:6:SVC_Handler	0	static
stm32f4xx_it.c:161:6:DebugMon_Handler	0	static
stm32f4xx_it.c:174:6:PendSV_Handler	0	static
stm32f4xx_it.c:187:6:SysTick_Handler	8	static
stm32f4xx_it.c:209:6:EXTI9_5_IRQHandler	0	static
stm32f4xx_it.c:237:6:TIM4_IRQHandler	0	static
stm32f4xx_it.c:261:6:EXTI15_10_IRQHandler	0	static
stm32f4xx_it.c:371:6:TIM5_IRQHandler	0	static
